Archive member included to satisfy reference by file (symbol)

/var/folders/jy/jw0bgk914_n5q45dn34txm5r0000gn/T/arduino-sketch-5058F1AF8388633F609CADB75A75DC9D/../arduino-core-cache/core_adafruit_samd_adafruit_trinket_m0_36dd30fd0ed9abe3a5d7b37e993b6b3e.a(cortex_handlers.c.o)
                              (Reset_Handler)
/var/folders/jy/jw0bgk914_n5q45dn34txm5r0000gn/T/arduino-sketch-5058F1AF8388633F609CADB75A75DC9D/../arduino-core-cache/core_adafruit_samd_adafruit_trinket_m0_36dd30fd0ed9abe3a5d7b37e993b6b3e.a(delay.c.o)
                              /var/folders/jy/jw0bgk914_n5q45dn34txm5r0000gn/T/arduino-sketch-5058F1AF8388633F609CADB75A75DC9D/sketch/trinketm0_on_when_light.ino.cpp.o (delay)
/var/folders/jy/jw0bgk914_n5q45dn34txm5r0000gn/T/arduino-sketch-5058F1AF8388633F609CADB75A75DC9D/../arduino-core-cache/core_adafruit_samd_adafruit_trinket_m0_36dd30fd0ed9abe3a5d7b37e993b6b3e.a(hooks.c.o)
                              /var/folders/jy/jw0bgk914_n5q45dn34txm5r0000gn/T/arduino-sketch-5058F1AF8388633F609CADB75A75DC9D/../arduino-core-cache/core_adafruit_samd_adafruit_trinket_m0_36dd30fd0ed9abe3a5d7b37e993b6b3e.a(delay.c.o) (yield)
/var/folders/jy/jw0bgk914_n5q45dn34txm5r0000gn/T/arduino-sketch-5058F1AF8388633F609CADB75A75DC9D/../arduino-core-cache/core_adafruit_samd_adafruit_trinket_m0_36dd30fd0ed9abe3a5d7b37e993b6b3e.a(startup.c.o)
                              /var/folders/jy/jw0bgk914_n5q45dn34txm5r0000gn/T/arduino-sketch-5058F1AF8388633F609CADB75A75DC9D/../arduino-core-cache/core_adafruit_samd_adafruit_trinket_m0_36dd30fd0ed9abe3a5d7b37e993b6b3e.a(cortex_handlers.c.o) (SystemInit)
/var/folders/jy/jw0bgk914_n5q45dn34txm5r0000gn/T/arduino-sketch-5058F1AF8388633F609CADB75A75DC9D/../arduino-core-cache/core_adafruit_samd_adafruit_trinket_m0_36dd30fd0ed9abe3a5d7b37e993b6b3e.a(wiring.c.o)
                              /var/folders/jy/jw0bgk914_n5q45dn34txm5r0000gn/T/arduino-sketch-5058F1AF8388633F609CADB75A75DC9D/../arduino-core-cache/core_adafruit_samd_adafruit_trinket_m0_36dd30fd0ed9abe3a5d7b37e993b6b3e.a(startup.c.o) (SystemCoreClock)
/var/folders/jy/jw0bgk914_n5q45dn34txm5r0000gn/T/arduino-sketch-5058F1AF8388633F609CADB75A75DC9D/../arduino-core-cache/core_adafruit_samd_adafruit_trinket_m0_36dd30fd0ed9abe3a5d7b37e993b6b3e.a(wiring_analog.c.o)
                              /var/folders/jy/jw0bgk914_n5q45dn34txm5r0000gn/T/arduino-sketch-5058F1AF8388633F609CADB75A75DC9D/../arduino-core-cache/core_adafruit_samd_adafruit_trinket_m0_36dd30fd0ed9abe3a5d7b37e993b6b3e.a(wiring.c.o) (analogReference)
/var/folders/jy/jw0bgk914_n5q45dn34txm5r0000gn/T/arduino-sketch-5058F1AF8388633F609CADB75A75DC9D/../arduino-core-cache/core_adafruit_samd_adafruit_trinket_m0_36dd30fd0ed9abe3a5d7b37e993b6b3e.a(wiring_digital.c.o)
                              /var/folders/jy/jw0bgk914_n5q45dn34txm5r0000gn/T/arduino-sketch-5058F1AF8388633F609CADB75A75DC9D/sketch/trinketm0_on_when_light.ino.cpp.o (pinMode)
/var/folders/jy/jw0bgk914_n5q45dn34txm5r0000gn/T/arduino-sketch-5058F1AF8388633F609CADB75A75DC9D/../arduino-core-cache/core_adafruit_samd_adafruit_trinket_m0_36dd30fd0ed9abe3a5d7b37e993b6b3e.a(wiring_private.c.o)
                              /var/folders/jy/jw0bgk914_n5q45dn34txm5r0000gn/T/arduino-sketch-5058F1AF8388633F609CADB75A75DC9D/libraries/SPI/SPI.cpp.o (pinPeripheral)
/var/folders/jy/jw0bgk914_n5q45dn34txm5r0000gn/T/arduino-sketch-5058F1AF8388633F609CADB75A75DC9D/../arduino-core-cache/core_adafruit_samd_adafruit_trinket_m0_36dd30fd0ed9abe3a5d7b37e993b6b3e.a(Print.cpp.o)
                              /var/folders/jy/jw0bgk914_n5q45dn34txm5r0000gn/T/arduino-sketch-5058F1AF8388633F609CADB75A75DC9D/libraries/Adafruit_ZeroDMA/Adafruit_ZeroDMA.cpp.o (Print::print(char const*))
/var/folders/jy/jw0bgk914_n5q45dn34txm5r0000gn/T/arduino-sketch-5058F1AF8388633F609CADB75A75DC9D/../arduino-core-cache/core_adafruit_samd_adafruit_trinket_m0_36dd30fd0ed9abe3a5d7b37e993b6b3e.a(Reset.cpp.o)
                              /var/folders/jy/jw0bgk914_n5q45dn34txm5r0000gn/T/arduino-sketch-5058F1AF8388633F609CADB75A75DC9D/../arduino-core-cache/core_adafruit_samd_adafruit_trinket_m0_36dd30fd0ed9abe3a5d7b37e993b6b3e.a(delay.c.o) (tickReset)
/var/folders/jy/jw0bgk914_n5q45dn34txm5r0000gn/T/arduino-sketch-5058F1AF8388633F609CADB75A75DC9D/../arduino-core-cache/core_adafruit_samd_adafruit_trinket_m0_36dd30fd0ed9abe3a5d7b37e993b6b3e.a(SERCOM.cpp.o)
                              /var/folders/jy/jw0bgk914_n5q45dn34txm5r0000gn/T/arduino-sketch-5058F1AF8388633F609CADB75A75DC9D/core/variant.cpp.o (SERCOM::SERCOM(Sercom*))
/var/folders/jy/jw0bgk914_n5q45dn34txm5r0000gn/T/arduino-sketch-5058F1AF8388633F609CADB75A75DC9D/../arduino-core-cache/core_adafruit_samd_adafruit_trinket_m0_36dd30fd0ed9abe3a5d7b37e993b6b3e.a(CDC.cpp.o)
                              /var/folders/jy/jw0bgk914_n5q45dn34txm5r0000gn/T/arduino-sketch-5058F1AF8388633F609CADB75A75DC9D/sketch/trinketm0_on_when_light.ino.cpp.o (Serial_::begin(unsigned long))
[...]
Memory Configuration

Name             Origin             Length             Attributes
FLASH            0x0000000000002000 0x000000000003e000 xr
RAM              0x0000000020000000 0x0000000000008000 xrw
*default*        0x0000000000000000 0xffffffffffffffff

Linker script and memory map

LOAD /Users/taf2/Library/Arduino15/packages/arduino/tools/arm-none-eabi-gcc/7-2017q4/bin/../lib/gcc/arm-none-eabi/7.2.1/thumb/v6-m/crti.o
LOAD /Users/taf2/Library/Arduino15/packages/arduino/tools/arm-none-eabi-gcc/7-2017q4/bin/../lib/gcc/arm-none-eabi/7.2.1/thumb/v6-m/crtbegin.o
LOAD /Users/taf2/Library/Arduino15/packages/arduino/tools/arm-none-eabi-gcc/7-2017q4/bin/../lib/gcc/arm-none-eabi/7.2.1/../../../../arm-none-eabi/lib/thumb/v6-m/crt0.o
LOAD /var/folders/jy/jw0bgk914_n5q45dn34txm5r0000gn/T/arduino-sketch-5058F1AF8388633F609CADB75A75DC9D/sketch/trinketm0_on_when_light.ino.cpp.o
LOAD /var/folders/jy/jw0bgk914_n5q45dn34txm5r0000gn/T/arduino-sketch-5058F1AF8388633F609CADB75A75DC9D/libraries/Adafruit_DotStar/Adafruit_DotStar.cpp.o
LOAD /var/folders/jy/jw0bgk914_n5q45dn34txm5r0000gn/T/arduino-sketch-5058F1AF8388633F609CADB75A75DC9D/libraries/SPI/SPI.cpp.o
LOAD /var/folders/jy/jw0bgk914_n5q45dn34txm5r0000gn/T/arduino-sketch-5058F1AF8388633F609CADB75A75DC9D/libraries/Adafruit_ZeroDMA/Adafruit_ZeroDMA.cpp.o
LOAD /var/folders/jy/jw0bgk914_n5q45dn34txm5r0000gn/T/arduino-sketch-5058F1AF8388633F609CADB75A75DC9D/core/variant.cpp.o
START GROUP
LOAD /Users/taf2/Library/Arduino15/packages/arduino/tools/CMSIS/4.5.0/CMSIS/Lib/GCC//libarm_cortexM0l_math.a
LOAD /var/folders/jy/jw0bgk914_n5q45dn34txm5r0000gn/T/arduino-sketch-5058F1AF8388633F609CADB75A75DC9D/../arduino-core-cache/core_adafruit_samd_adafruit_trinket_m0_36dd30fd0ed9abe3a5d7b37e993b6b3e.a
END GROUP
LOAD /Users/taf2/Library/Arduino15/packages/arduino/tools/arm-none-eabi-gcc/7-2017q4/bin/../lib/gcc/arm-none-eabi/7.2.1/../../../../arm-none-eabi/lib/thumb/v6-m/libstdc++_nano.a
LOAD /Users/taf2/Library/Arduino15/packages/arduino/tools/arm-none-eabi-gcc/7-2017q4/bin/../lib/gcc/arm-none-eabi/7.2.1/../../../../arm-none-eabi/lib/thumb/v6-m/libm.a
START GROUP
LOAD /Users/taf2/Library/Arduino15/packages/arduino/tools/arm-none-eabi-gcc/7-2017q4/bin/../lib/gcc/arm-none-eabi/7.2.1/thumb/v6-m/libgcc.a
LOAD /Users/taf2/Library/Arduino15/packages/arduino/tools/arm-none-eabi-gcc/7-2017q4/bin/../lib/gcc/arm-none-eabi/7.2.1/../../../../arm-none-eabi/lib/thumb/v6-m/libc_nano.a
END GROUP
START GROUP
LOAD /Users/taf2/Library/Arduino15/packages/arduino/tools/arm-none-eabi-gcc/7-2017q4/bin/../lib/gcc/arm-none-eabi/7.2.1/thumb/v6-m/libgcc.a
LOAD /Users/taf2/Library/Arduino15/packages/arduino/tools/arm-none-eabi-gcc/7-2017q4/bin/../lib/gcc/arm-none-eabi/7.2.1/../../../../arm-none-eabi/lib/thumb/v6-m/libc_nano.a
LOAD /Users/taf2/Library/Arduino15/packages/arduino/tools/arm-none-eabi-gcc/7-2017q4/bin/../lib/gcc/arm-none-eabi/7.2.1/../../../../arm-none-eabi/lib/thumb/v6-m/libnosys.a
END GROUP
START GROUP
LOAD /Users/taf2/Library/Arduino15/packages/arduino/tools/arm-none-eabi-gcc/7-2017q4/bin/../lib/gcc/arm-none-eabi/7.2.1/thumb/v6-m/libgcc.a
LOAD /Users/taf2/Library/Arduino15/packages/arduino/tools/arm-none-eabi-gcc/7-2017q4/bin/../lib/gcc/arm-none-eabi/7.2.1/../../../../arm-none-eabi/lib/thumb/v6-m/libc_nano.a
LOAD /Users/taf2/Library/Arduino15/packages/arduino/tools/arm-none-eabi-gcc/7-2017q4/bin/../lib/gcc/arm-none-eabi/7.2.1/../../../../arm-none-eabi/lib/thumb/v6-m/libnosys.a
END GROUP
LOAD /Users/taf2/Library/Arduino15/packages/arduino/tools/arm-none-eabi-gcc/7-2017q4/bin/../lib/gcc/arm-none-eabi/7.2.1/thumb/v6-m/crtend.o
LOAD /Users/taf2/Library/Arduino15/packages/arduino/tools/arm-none-eabi-gcc/7-2017q4/bin/../lib/gcc/arm-none-eabi/7.2.1/thumb/v6-m/crtn.o

.text           0x0000000000002000     0x44fc
 *(.isr_vector)
 .isr_vector    0x0000000000002000       0xb4 /var/folders/jy/jw0bgk914_n5q45dn34txm5r0000gn/T/arduino-sketch-5058F1AF8388633F609CADB75A75DC9D/../arduino-core-cache/core_adafruit_samd_adafruit_trinket_m0_36dd30fd0ed9abe3a5d7b37e993b6b3e.a(cortex_handlers.c.o)
                0x0000000000002000                exception_table
 *(.text*)
 .text          0x00000000000020b4       0x48 /Users/taf2/Library/Arduino15/packages/arduino/tools/arm-none-eabi-gcc/7-2017q4/bin/../lib/gcc/arm-none-eabi/7.2.1/thumb/v6-m/crtbegin.o
 .text._Z6softOnv
                0x00000000000020fc       0x24 /var/folders/jy/jw0bgk914_n5q45dn34txm5r0000gn/T/arduino-sketch-5058F1AF8388633F609CADB75A75DC9D/sketch/trinketm0_on_when_light.ino.cpp.o
                0x00000000000020fc                softOn()
 .text._Z4piOnv
                0x0000000000002120       0x34 /var/folders/jy/jw0bgk914_n5q45dn34txm5r0000gn/T/arduino-sketch-5058F1AF8388633F609CADB75A75DC9D/sketch/trinketm0_on_when_light.ino.cpp.o
                0x0000000000002120                piOn()
 .text._Z7softOffv
                0x0000000000002154       0x24 /var/folders/jy/jw0bgk914_n5q45dn34txm5r0000gn/T/arduino-sketch-5058F1AF8388633F609CADB75A75DC9D/sketch/trinketm0_on_when_light.ino.cpp.o
                0x0000000000002154                softOff()
 .text._Z5piOffv
                0x0000000000002178       0x2c /var/folders/jy/jw0bgk914_n5q45dn34txm5r0000gn/T/arduino-sketch-5058F1AF8388633F609CADB75A75DC9D/sketch/trinketm0_on_when_light.ino.cpp.o
                0x0000000000002178                piOff()
 .text._Z10blinkPhases
                0x00000000000021a4       0x16 /var/folders/jy/jw0bgk914_n5q45dn34txm5r0000gn/T/arduino-sketch-5058F1AF8388633F609CADB75A75DC9D/sketch/trinketm0_on_when_light.ino.cpp.o
                0x00000000000021a4                blinkPhase(short)
 *fill*         0x00000000000021ba        0x2 
 .text.setup    0x00000000000021bc       0x90 /var/folders/jy/jw0bgk914_n5q45dn34txm5r0000gn/T/arduino-sketch-5058F1AF8388633F609CADB75A75DC9D/sketch/trinketm0_on_when_light.ino.cpp.o
                0x00000000000021bc                setup
 .text.loop     0x000000000000224c       0xc8 /var/folders/jy/jw0bgk914_n5q45dn34txm5r0000gn/T/arduino-sketch-5058F1AF8388633F609CADB75A75DC9D/sketch/trinketm0_on_when_light.ino.cpp.o
                0x000000000000224c                loop
 .text.startup._GLOBAL__sub_I_strip
                0x0000000000002314       0x2c /var/folders/jy/jw0bgk914_n5q45dn34txm5r0000gn/T/arduino-sketch-5058F1AF8388633F609CADB75A75DC9D/sketch/trinketm0_on_when_light.ino.cpp.o
 .text._ZN16Adafruit_DotStar11hw_spi_initEv
                0x0000000000002340       0x28 /var/folders/jy/jw0bgk914_n5q45dn34txm5r0000gn/T/arduino-sketch-5058F1AF8388633F609CADB75A75DC9D/libraries/Adafruit_DotStar/Adafruit_DotStar.cpp.o
                0x0000000000002340                Adafruit_DotStar::hw_spi_init()
 .text._ZN16Adafruit_DotStar11sw_spi_initEv
                0x0000000000002368       0x26 /var/folders/jy/jw0bgk914_n5q45dn34txm5r0000gn/T/arduino-sketch-5058F1AF8388633F609CADB75A75DC9D/libraries/Adafruit_DotStar/Adafruit_DotStar.cpp.o
                0x0000000000002368                Adafruit_DotStar::sw_spi_init()
 .text._ZN16Adafruit_DotStar5beginEv
                0x000000000000238e       0x14 /var/folders/jy/jw0bgk914_n5q45dn34txm5r0000gn/T/arduino-sketch-5058F1AF8388633F609CADB75A75DC9D/libraries/Adafruit_DotStar/Adafruit_DotStar.cpp.o
                0x000000000000238e                Adafruit_DotStar::begin()
 .text._ZN16Adafruit_DotStar10sw_spi_endEv
                0x00000000000023a2       0x16 /var/folders/jy/jw0bgk914_n5q45dn34txm5r0000gn/T/arduino-sketch-5058F1AF8388633F609CADB75A75DC9D/libraries/Adafruit_DotStar/Adafruit_DotStar.cpp.o
                0x00000000000023a2                Adafruit_DotStar::sw_spi_end()
 .text._ZN16Adafruit_DotStarD2Ev
                0x00000000000023b8       0x28 /var/folders/jy/jw0bgk914_n5q45dn34txm5r0000gn/T/arduino-sketch-5058F1AF8388633F609CADB75A75DC9D/libraries/Adafruit_DotStar/Adafruit_DotStar.cpp.o
                0x00000000000023b8                Adafruit_DotStar::~Adafruit_DotStar()
                0x00000000000023b8                Adafruit_DotStar::~Adafruit_DotStar()
 .text._ZN16Adafruit_DotStar10sw_spi_outEh
                0x00000000000023e0       0x40 /var/folders/jy/jw0bgk914_n5q45dn34txm5r0000gn/T/arduino-sketch-5058F1AF8388633F609CADB75A75DC9D/libraries/Adafruit_DotStar/Adafruit_DotStar.cpp.o
                0x00000000000023e0                Adafruit_DotStar::sw_spi_out(unsigned char)
 .text._ZN16Adafruit_DotStar4showEv
                0x0000000000002420      0x11c /var/folders/jy/jw0bgk914_n5q45dn34txm5r0000gn/T/arduino-sketch-5058F1AF8388633F609CADB75A75DC9D/libraries/Adafruit_DotStar/Adafruit_DotStar.cpp.o
                0x0000000000002420                Adafruit_DotStar::show()
 .text._ZN16Adafruit_DotStar5clearEv
                0x000000000000253c       0x24 /var/folders/jy/jw0bgk914_n5q45dn34txm5r0000gn/T/arduino-sketch-5058F1AF8388633F609CADB75A75DC9D/libraries/Adafruit_DotStar/Adafruit_DotStar.cpp.o
                0x000000000000253c                Adafruit_DotStar::clear()
 .text._ZN16Adafruit_DotStar12updateLengthEt
                0x0000000000002560       0x3a /var/folders/jy/jw0bgk914_n5q45dn34txm5r0000gn/T/arduino-sketch-5058F1AF8388633F609CADB75A75DC9D/libraries/Adafruit_DotStar/Adafruit_DotStar.cpp.o
                0x0000000000002560                Adafruit_DotStar::updateLength(unsigned short)
 .text._ZN16Adafruit_DotStarC2Ethhh
                0x000000000000259a       0x30 /var/folders/jy/jw0bgk914_n5q45dn34txm5r0000gn/T/arduino-sketch-5058F1AF8388633F609CADB75A75DC9D/libraries/Adafruit_DotStar/Adafruit_DotStar.cpp.o
                0x000000000000259a                Adafruit_DotStar::Adafruit_DotStar(unsigned short, unsigned char, unsigned char, unsigned char)
                0x000000000000259a                Adafruit_DotStar::Adafruit_DotStar(unsigned short, unsigned char, unsigned char, unsigned char)
 *fill*         0x00000000000025ca        0x2 
 .text._ZN8SPIClassC2EP6SERCOMhhh14SercomSpiTXPad11SercomRXPad
                0x00000000000025cc       0x74 /var/folders/jy/jw0bgk914_n5q45dn34txm5r0000gn/T/arduino-sketch-5058F1AF8388633F609CADB75A75DC9D/libraries/SPI/SPI.cpp.o
                0x00000000000025cc                SPIClass::SPIClass(SERCOM*, unsigned char, unsigned char, unsigned char, SercomSpiTXPad, SercomRXPad)
                0x00000000000025cc                SPIClass::SPIClass(SERCOM*, unsigned char, unsigned char, unsigned char, SercomSpiTXPad, SercomRXPad)
 .text._ZN8SPIClass4initEv
                0x0000000000002640       0x12 /var/folders/jy/jw0bgk914_n5q45dn34txm5r0000gn/T/arduino-sketch-5058F1AF8388633F609CADB75A75DC9D/libraries/SPI/SPI.cpp.o
                0x0000000000002640                SPIClass::init()
 .text._ZN8SPIClass6configE11SPISettings
                0x0000000000002652       0x36 /var/folders/jy/jw0bgk914_n5q45dn34txm5r0000gn/T/arduino-sketch-5058F1AF8388633F609CADB75A75DC9D/libraries/SPI/SPI.cpp.o
                0x0000000000002652                SPIClass::config(SPISettings)
 .text._ZN8SPIClass5beginEv
                0x0000000000002688       0x50 /var/folders/jy/jw0bgk914_n5q45dn34txm5r0000gn/T/arduino-sketch-5058F1AF8388633F609CADB75A75DC9D/libraries/SPI/SPI.cpp.o
                0x0000000000002688                SPIClass::begin()
 .text._ZN8SPIClass3endEv
                0x00000000000026d8       0x10 /var/folders/jy/jw0bgk914_n5q45dn34txm5r0000gn/T/arduino-sketch-5058F1AF8388633F609CADB75A75DC9D/libraries/SPI/SPI.cpp.o
                0x00000000000026d8                SPIClass::end()
 .text._ZN8SPIClass11setBitOrderE8BitOrder
                0x00000000000026e8       0x14 /var/folders/jy/jw0bgk914_n5q45dn34txm5r0000gn/T/arduino-sketch-5058F1AF8388633F609CADB75A75DC9D/libraries/SPI/SPI.cpp.o
                0x00000000000026e8                SPIClass::setBitOrder(BitOrder)
 .text._ZN8SPIClass11setDataModeEh
                0x00000000000026fc       0x28 /var/folders/jy/jw0bgk914_n5q45dn34txm5r0000gn/T/arduino-sketch-5058F1AF8388633F609CADB75A75DC9D/libraries/SPI/SPI.cpp.o
                0x00000000000026fc                SPIClass::setDataMode(unsigned char)
 .text._ZN8SPIClass15setClockDividerEh
                0x0000000000002724       0x10 /var/folders/jy/jw0bgk914_n5q45dn34txm5r0000gn/T/arduino-sketch-5058F1AF8388633F609CADB75A75DC9D/libraries/SPI/SPI.cpp.o
                0x0000000000002724                SPIClass::setClockDivider(unsigned char)
 .text._ZN8SPIClass8transferEh
                0x0000000000002734        0xa /var/folders/jy/jw0bgk914_n5q45dn34txm5r0000gn/T/arduino-sketch-5058F1AF8388633F609CADB75A75DC9D/libraries/SPI/SPI.cpp.o
                0x0000000000002734                SPIClass::transfer(unsigned char)
 *fill*         0x000000000000273e        0x2 
 .text.startup._GLOBAL__sub_I__ZN8SPIClassC2EP6SERCOMhhh14SercomSpiTXPad11SercomRXPad
                0x0000000000002740       0x38 /var/folders/jy/jw0bgk914_n5q45dn34txm5r0000gn/T/arduino-sketch-5058F1AF8388633F609CADB75A75DC9D/libraries/SPI/SPI.cpp.o
 .text._ZL22cpu_irq_enter_criticalv
                0x0000000000002778       0x30 /var/folders/jy/jw0bgk914_n5q45dn34txm5r0000gn/T/arduino-sketch-5058F1AF8388633F609CADB75A75DC9D/libraries/Adafruit_ZeroDMA/Adafruit_ZeroDMA.cpp.o
 .text._ZL22cpu_irq_leave_criticalv
                0x00000000000027a8       0x2c /var/folders/jy/jw0bgk914_n5q45dn34txm5r0000gn/T/arduino-sketch-5058F1AF8388633F609CADB75A75DC9D/libraries/Adafruit_ZeroDMA/Adafruit_ZeroDMA.cpp.o
 .text._ZN16Adafruit_ZeroDMAC2Ev
                0x00000000000027d4       0x22 /var/folders/jy/jw0bgk914_n5q45dn34txm5r0000gn/T/arduino-sketch-5058F1AF8388633F609CADB75A75DC9D/libraries/Adafruit_ZeroDMA/Adafruit_ZeroDMA.cpp.o
                0x00000000000027d4                Adafruit_ZeroDMA::Adafruit_ZeroDMA()
                0x00000000000027d4                Adafruit_ZeroDMA::Adafruit_ZeroDMA()
 *fill*         0x00000000000027f6        0x2 
 .text._ZN16Adafruit_ZeroDMA11_IRQhandlerEh
                0x00000000000027f8       0x44 /var/folders/jy/jw0bgk914_n5q45dn34txm5r0000gn/T/arduino-sketch-5058F1AF8388633F609CADB75A75DC9D/libraries/Adafruit_ZeroDMA/Adafruit_ZeroDMA.cpp.o
                0x00000000000027f8                Adafruit_ZeroDMA::_IRQhandler(unsigned char)
 .text.DMAC_Handler
                0x000000000000283c       0x48 /var/folders/jy/jw0bgk914_n5q45dn34txm5r0000gn/T/arduino-sketch-5058F1AF8388633F609CADB75A75DC9D/libraries/Adafruit_ZeroDMA/Adafruit_ZeroDMA.cpp.o
                0x000000000000283c                DMAC_Handler
 .text.SERCOM0_Handler
                0x0000000000002884       0x10 /var/folders/jy/jw0bgk914_n5q45dn34txm5r0000gn/T/arduino-sketch-5058F1AF8388633F609CADB75A75DC9D/core/variant.cpp.o
                0x0000000000002884                SERCOM0_Handler
 .text.startup._GLOBAL__sub_I_g_APinDescription
                0x0000000000002894       0x5c /var/folders/jy/jw0bgk914_n5q45dn34txm5r0000gn/T/arduino-sketch-5058F1AF8388633F609CADB75A75DC9D/core/variant.cpp.o
 .text.Dummy_Handler
                0x00000000000028f0        0x2 /var/folders/jy/jw0bgk914_n5q45dn34txm5r0000gn/T/arduino-sketch-5058F1AF8388633F609CADB75A75DC9D/../arduino-core-cache/core_adafruit_samd_adafruit_trinket_m0_36dd30fd0ed9abe3a5d7b37e993b6b3e.a(cortex_handlers.c.o)
                0x00000000000028f0                SYSCTRL_Handler
                0x00000000000028f0                AC_Handler
                0x00000000000028f0                PendSV_Handler
                0x00000000000028f0                NMI_Handler
                0x00000000000028f0                TC7_Handler
                0x00000000000028f0                SERCOM1_Handler
                0x00000000000028f0                ADC_Handler
                0x00000000000028f0                TCC1_Handler
                0x00000000000028f0                SERCOM2_Handler
                0x00000000000028f0                TCC0_Handler
                0x00000000000028f0                RTC_Handler
                0x00000000000028f0                EIC_Handler
                0x00000000000028f0                TC6_Handler
                0x00000000000028f0                WDT_Handler
                0x00000000000028f0                TC4_Handler
                0x00000000000028f0                TC3_Handler
                0x00000000000028f0                Dummy_Handler
                0x00000000000028f0                PM_Handler
                0x00000000000028f0                SERCOM5_Handler
                0x00000000000028f0                SVC_Handler
                0x00000000000028f0                TCC2_Handler
                0x00000000000028f0                EVSYS_Handler
                0x00000000000028f0                SERCOM3_Handler
                0x00000000000028f0                SERCOM4_Handler
                0x00000000000028f0                I2S_Handler
                0x00000000000028f0                NVMCTRL_Handler
                0x00000000000028f0                DAC_Handler
                0x00000000000028f0                PTC_Handler
                0x00000000000028f0                HardFault_Handler
 *fill*         0x00000000000028f2        0x2 
 .text.USB_Handler
                0x00000000000028f4       0x14 /var/folders/jy/jw0bgk914_n5q45dn34txm5r0000gn/T/arduino-sketch-5058F1AF8388633F609CADB75A75DC9D/../arduino-core-cache/core_adafruit_samd_adafruit_trinket_m0_36dd30fd0ed9abe3a5d7b37e993b6b3e.a(cortex_handlers.c.o)
                0x00000000000028f4                USB_Handler
 .text.Reset_Handler
                0x0000000000002908       0x54 /var/folders/jy/jw0bgk914_n5q45dn34txm5r0000gn/T/arduino-sketch-5058F1AF8388633F609CADB75A75DC9D/../arduino-core-cache/core_adafruit_samd_adafruit_trinket_m0_36dd30fd0ed9abe3a5d7b37e993b6b3e.a(cortex_handlers.c.o)
                0x0000000000002908                Reset_Handler
 .text.SysTick_Handler
                0x000000000000295c       0x10 /var/folders/jy/jw0bgk914_n5q45dn34txm5r0000gn/T/arduino-sketch-5058F1AF8388633F609CADB75A75DC9D/../arduino-core-cache/core_adafruit_samd_adafruit_trinket_m0_36dd30fd0ed9abe3a5d7b37e993b6b3e.a(cortex_handlers.c.o)
                0x000000000000295c                SysTick_Handler
 .text.USB_SetHandler
                0x000000000000296c        0xc /var/folders/jy/jw0bgk914_n5q45dn34txm5r0000gn/T/arduino-sketch-5058F1AF8388633F609CADB75A75DC9D/../arduino-core-cache/core_adafruit_samd_adafruit_trinket_m0_36dd30fd0ed9abe3a5d7b37e993b6b3e.a(cortex_handlers.c.o)
                0x000000000000296c                USB_SetHandler
 .text.micros   0x0000000000002978       0x60 /var/folders/jy/jw0bgk914_n5q45dn34txm5r0000gn/T/arduino-sketch-5058F1AF8388633F609CADB75A75DC9D/../arduino-core-cache/core_adafruit_samd_adafruit_trinket_m0_36dd30fd0ed9abe3a5d7b37e993b6b3e.a(delay.c.o)
                0x0000000000002978                micros
 .text.delay    0x00000000000029d8       0x30 /var/folders/jy/jw0bgk914_n5q45dn34txm5r0000gn/T/arduino-sketch-5058F1AF8388633F609CADB75A75DC9D/../arduino-core-cache/core_adafruit_samd_adafruit_trinket_m0_36dd30fd0ed9abe3a5d7b37e993b6b3e.a(delay.c.o)
                0x00000000000029d8                delay
 .text.SysTick_DefaultHandler
                0x0000000000002a08       0x14 /var/folders/jy/jw0bgk914_n5q45dn34txm5r0000gn/T/arduino-sketch-5058F1AF8388633F609CADB75A75DC9D/../arduino-core-cache/core_adafruit_samd_adafruit_trinket_m0_36dd30fd0ed9abe3a5d7b37e993b6b3e.a(delay.c.o)
                0x0000000000002a08                SysTick_DefaultHandler
 .text.__empty  0x0000000000002a1c        0x2 /var/folders/jy/jw0bgk914_n5q45dn34txm5r0000gn/T/arduino-sketch-5058F1AF8388633F609CADB75A75DC9D/../arduino-core-cache/core_adafruit_samd_adafruit_trinket_m0_36dd30fd0ed9abe3a5d7b37e993b6b3e.a(hooks.c.o)
                0x0000000000002a1c                yield
 .text.__false  0x0000000000002a1e        0x4 /var/folders/jy/jw0bgk914_n5q45dn34txm5r0000gn/T/arduino-sketch-5058F1AF8388633F609CADB75A75DC9D/../arduino-core-cache/core_adafruit_samd_adafruit_trinket_m0_36dd30fd0ed9abe3a5d7b37e993b6b3e.a(hooks.c.o)
                0x0000000000002a1e                sysTickHook
 *fill*         0x0000000000002a22        0x2 
 .text.SystemInit
                0x0000000000002a24      0x194 /var/folders/jy/jw0bgk914_n5q45dn34txm5r0000gn/T/arduino-sketch-5058F1AF8388633F609CADB75A75DC9D/../arduino-core-cache/core_adafruit_samd_adafruit_trinket_m0_36dd30fd0ed9abe3a5d7b37e993b6b3e.a(startup.c.o)
                0x0000000000002a24                SystemInit
 .text.init     0x0000000000002bb8       0xe0 /var/folders/jy/jw0bgk914_n5q45dn34txm5r0000gn/T/arduino-sketch-5058F1AF8388633F609CADB75A75DC9D/../arduino-core-cache/core_adafruit_samd_adafruit_trinket_m0_36dd30fd0ed9abe3a5d7b37e993b6b3e.a(wiring.c.o)
                0x0000000000002bb8                init
 .text.analogReference
                0x0000000000002c98       0x88 /var/folders/jy/jw0bgk914_n5q45dn34txm5r0000gn/T/arduino-sketch-5058F1AF8388633F609CADB75A75DC9D/../arduino-core-cache/core_adafruit_samd_adafruit_trinket_m0_36dd30fd0ed9abe3a5d7b37e993b6b3e.a(wiring_analog.c.o)
                0x0000000000002c98                analogReference
 .text.analogRead
                0x0000000000002d20       0xd8 /var/folders/jy/jw0bgk914_n5q45dn34txm5r0000gn/T/arduino-sketch-5058F1AF8388633F609CADB75A75DC9D/../arduino-core-cache/core_adafruit_samd_adafruit_trinket_m0_36dd30fd0ed9abe3a5d7b37e993b6b3e.a(wiring_analog.c.o)
                0x0000000000002d20                analogRead
 .text.pinMode  0x0000000000002df8       0x60 /var/folders/jy/jw0bgk914_n5q45dn34txm5r0000gn/T/arduino-sketch-5058F1AF8388633F609CADB75A75DC9D/../arduino-core-cache/core_adafruit_samd_adafruit_trinket_m0_36dd30fd0ed9abe3a5d7b37e993b6b3e.a(wiring_digital.c.o)
                0x0000000000002df8                pinMode
 .text.digitalWrite
                0x0000000000002e58       0x58 /var/folders/jy/jw0bgk914_n5q45dn34txm5r0000gn/T/arduino-sketch-5058F1AF8388633F609CADB75A75DC9D/../arduino-core-cache/core_adafruit_samd_adafruit_trinket_m0_36dd30fd0ed9abe3a5d7b37e993b6b3e.a(wiring_digital.c.o)
                0x0000000000002e58                digitalWrite
 .text.digitalRead
                0x0000000000002eb0       0x30 /var/folders/jy/jw0bgk914_n5q45dn34txm5r0000gn/T/arduino-sketch-5058F1AF8388633F609CADB75A75DC9D/../arduino-core-cache/core_adafruit_samd_adafruit_trinket_m0_36dd30fd0ed9abe3a5d7b37e993b6b3e.a(wiring_digital.c.o)
                0x0000000000002eb0                digitalRead
 .text.pinPeripheral
                0x0000000000002ee0       0xc4 /var/folders/jy/jw0bgk914_n5q45dn34txm5r0000gn/T/arduino-sketch-5058F1AF8388633F609CADB75A75DC9D/../arduino-core-cache/core_adafruit_samd_adafruit_trinket_m0_36dd30fd0ed9abe3a5d7b37e993b6b3e.a(wiring_private.c.o)
                0x0000000000002ee0                pinPeripheral
 .text._ZN5Print5writeEPKhj
                0x0000000000002fa4       0x28 /var/folders/jy/jw0bgk914_n5q45dn34txm5r0000gn/T/arduino-sketch-5058F1AF8388633F609CADB75A75DC9D/../arduino-core-cache/core_adafruit_samd_adafruit_trinket_m0_36dd30fd0ed9abe3a5d7b37e993b6b3e.a(Print.cpp.o)
                0x0000000000002fa4                Print::write(unsigned char const*, unsigned int)
 .text._ZN5Print5writeEPKc.part.2
                0x0000000000002fcc       0x1a /var/folders/jy/jw0bgk914_n5q45dn34txm5r0000gn/T/arduino-sketch-5058F1AF8388633F609CADB75A75DC9D/../arduino-core-cache/core_adafruit_samd_adafruit_trinket_m0_36dd30fd0ed9abe3a5d7b37e993b6b3e.a(Print.cpp.o)
 .text._ZN5Print5writeEPKc
                0x0000000000002fe6       0x10 /var/folders/jy/jw0bgk914_n5q45dn34txm5r0000gn/T/arduino-sketch-5058F1AF8388633F609CADB75A75DC9D/../arduino-core-cache/core_adafruit_samd_adafruit_trinket_m0_36dd30fd0ed9abe3a5d7b37e993b6b3e.a(Print.cpp.o)
                0x0000000000002fe6                Print::write(char const*)
 *fill*         0x0000000000002ff6        0x2 
 .text._ZN5Print7printlnEv
                0x0000000000002ff8       0x10 /var/folders/jy/jw0bgk914_n5q45dn34txm5r0000gn/T/arduino-sketch-5058F1AF8388633F609CADB75A75DC9D/../arduino-core-cache/core_adafruit_samd_adafruit_trinket_m0_36dd30fd0ed9abe3a5d7b37e993b6b3e.a(Print.cpp.o)
                0x0000000000002ff8                Print::println()
 .text._ZN5Print7printlnEPKc
                0x0000000000003008       0x14 /var/folders/jy/jw0bgk914_n5q45dn34txm5r0000gn/T/arduino-sketch-5058F1AF8388633F609CADB75A75DC9D/../arduino-core-cache/core_adafruit_samd_adafruit_trinket_m0_36dd30fd0ed9abe3a5d7b37e993b6b3e.a(Print.cpp.o)
                0x0000000000003008                Print::println(char const*)
 .text.initiateReset
                0x000000000000301c        0xc /var/folders/jy/jw0bgk914_n5q45dn34txm5r0000gn/T/arduino-sketch-5058F1AF8388633F609CADB75A75DC9D/../arduino-core-cache/core_adafruit_samd_adafruit_trinket_m0_36dd30fd0ed9abe3a5d7b37e993b6b3e.a(Reset.cpp.o)
                0x000000000000301c                initiateReset
 .text.cancelReset
                0x0000000000003028       0x10 /var/folders/jy/jw0bgk914_n5q45dn34txm5r0000gn/T/arduino-sketch-5058F1AF8388633F609CADB75A75DC9D/../arduino-core-cache/core_adafruit_samd_adafruit_trinket_m0_36dd30fd0ed9abe3a5d7b37e993b6b3e.a(Reset.cpp.o)
                0x0000000000003028                cancelReset
 .text.tickReset
                0x0000000000003038       0x64 /var/folders/jy/jw0bgk914_n5q45dn34txm5r0000gn/T/arduino-sketch-5058F1AF8388633F609CADB75A75DC9D/../arduino-core-cache/core_adafruit_samd_adafruit_trinket_m0_36dd30fd0ed9abe3a5d7b37e993b6b3e.a(Reset.cpp.o)
                0x0000000000003038                tickReset
 .text._ZN6SERCOMC2EP6Sercom
                0x000000000000309c        0x4 /var/folders/jy/jw0bgk914_n5q45dn34txm5r0000gn/T/arduino-sketch-5058F1AF8388633F609CADB75A75DC9D/../arduino-core-cache/core_adafruit_samd_adafruit_trinket_m0_36dd30fd0ed9abe3a5d7b37e993b6b3e.a(SERCOM.cpp.o)
                0x000000000000309c                SERCOM::SERCOM(Sercom*)
                0x000000000000309c                SERCOM::SERCOM(Sercom*)
 .text._ZN6SERCOM9initFrameE18SercomUartCharSize15SercomDataOrder16SercomParityMode19SercomNumberStopBit
                0x00000000000030a0       0x3a /var/folders/jy/jw0bgk914_n5q45dn34txm5r0000gn/T/arduino-sketch-5058F1AF8388633F609CADB75A75DC9D/../arduino-core-cache/core_adafruit_samd_adafruit_trinket_m0_36dd30fd0ed9abe3a5d7b37e993b6b3e.a(SERCOM.cpp.o)
                0x00000000000030a0                SERCOM::initFrame(SercomUartCharSize, SercomDataOrder, SercomParityMode, SercomNumberStopBit)
 .text._ZN6SERCOM8initPadsE15SercomUartTXPad11SercomRXPad
                0x00000000000030da       0x26 /var/folders/jy/jw0bgk914_n5q45dn34txm5r0000gn/T/arduino-sketch-5058F1AF8388633F609CADB75A75DC9D/../arduino-core-cache/core_adafruit_samd_adafruit_trinket_m0_36dd30fd0ed9abe3a5d7b37e993b6b3e.a(SERCOM.cpp.o)
                0x00000000000030da                SERCOM::initPads(SercomUartTXPad, SercomRXPad)
 .text._ZN6SERCOM9resetUARTEv
                0x0000000000003100       0x1a /var/folders/jy/jw0bgk914_n5q45dn34txm5r0000gn/T/arduino-sketch-5058F1AF8388633F609CADB75A75DC9D/../arduino-core-cache/core_adafruit_samd_adafruit_trinket_m0_36dd30fd0ed9abe3a5d7b37e993b6b3e.a(SERCOM.cpp.o)
                0x0000000000003100                SERCOM::resetUART()
 .text._ZN6SERCOM10enableUARTEv
                0x000000000000311a       0x14 /var/folders/jy/jw0bgk914_n5q45dn34txm5r0000gn/T/arduino-sketch-5058F1AF8388633F609CADB75A75DC9D/../arduino-core-cache/core_adafruit_samd_adafruit_trinket_m0_36dd30fd0ed9abe3a5d7b37e993b6b3e.a(SERCOM.cpp.o)
                0x000000000000311a                SERCOM::enableUART()
 .text._ZN6SERCOM9flushUARTEv
                0x000000000000312e       0x10 /var/folders/jy/jw0bgk914_n5q45dn34txm5r0000gn/T/arduino-sketch-5058F1AF8388633F609CADB75A75DC9D/../arduino-core-cache/core_adafruit_samd_adafruit_trinket_m0_36dd30fd0ed9abe3a5d7b37e993b6b3e.a(SERCOM.cpp.o)
                0x000000000000312e                SERCOM::flushUART()
 .text._ZN6SERCOM15clearStatusUARTEv
                0x000000000000313e        0x8 /var/folders/jy/jw0bgk914_n5q45dn34txm5r0000gn/T/arduino-sketch-5058F1AF8388633F609CADB75A75DC9D/../arduino-core-cache/core_adafruit_samd_adafruit_trinket_m0_36dd30fd0ed9abe3a5d7b37e993b6b3e.a(SERCOM.cpp.o)
                0x000000000000313e                SERCOM::clearStatusUART()
 .text._ZN6SERCOM17availableDataUARTEv
                0x0000000000003146        0xa /var/folders/jy/jw0bgk914_n5q45dn34txm5r0000gn/T/arduino-sketch-5058F1AF8388633F609CADB75A75DC9D/../arduino-core-cache/core_adafruit_samd_adafruit_trinket_m0_36dd30fd0ed9abe3a5d7b37e993b6b3e.a(SERCOM.cpp.o)
                0x0000000000003146                SERCOM::availableDataUART()
 .text._ZN6SERCOM11isUARTErrorEv
                0x0000000000003150        0x8 /var/folders/jy/jw0bgk914_n5q45dn34txm5r0000gn/T/arduino-sketch-5058F1AF8388633F609CADB75A75DC9D/../arduino-core-cache/core_adafruit_samd_adafruit_trinket_m0_36dd30fd0ed9abe3a5d7b37e993b6b3e.a(SERCOM.cpp.o)
                0x0000000000003150                SERCOM::isUARTError()
 .text._ZN6SERCOM20acknowledgeUARTErrorEv
                0x0000000000003158        0xe /var/folders/jy/jw0bgk914_n5q45dn34txm5r0000gn/T/arduino-sketch-5058F1AF8388633F609CADB75A75DC9D/../arduino-core-cache/core_adafruit_samd_adafruit_trinket_m0_36dd30fd0ed9abe3a5d7b37e993b6b3e.a(SERCOM.cpp.o)
                0x0000000000003158                SERCOM::acknowledgeUARTError()
 .text._ZN6SERCOM16isFrameErrorUARTEv
                0x0000000000003166        0xa /var/folders/jy/jw0bgk914_n5q45dn34txm5r0000gn/T/arduino-sketch-5058F1AF8388633F609CADB75A75DC9D/../arduino-core-cache/core_adafruit_samd_adafruit_trinket_m0_36dd30fd0ed9abe3a5d7b37e993b6b3e.a(SERCOM.cpp.o)
                0x0000000000003166                SERCOM::isFrameErrorUART()
 .text._ZN6SERCOM19clearFrameErrorUARTEv
                0x0000000000003170        0xc /var/folders/jy/jw0bgk914_n5q45dn34txm5r0000gn/T/arduino-sketch-5058F1AF8388633F609CADB75A75DC9D/../arduino-core-cache/core_adafruit_samd_adafruit_trinket_m0_36dd30fd0ed9abe3a5d7b37e993b6b3e.a(SERCOM.cpp.o)
                0x0000000000003170                SERCOM::clearFrameErrorUART()
 .text._ZN6SERCOM23isDataRegisterEmptyUARTEv
                0x000000000000317c        0xa /var/folders/jy/jw0bgk914_n5q45dn34txm5r0000gn/T/arduino-sketch-5058F1AF8388633F609CADB75A75DC9D/../arduino-core-cache/core_adafruit_samd_adafruit_trinket_m0_36dd30fd0ed9abe3a5d7b37e993b6b3e.a(SERCOM.cpp.o)
                0x000000000000317c                SERCOM::isDataRegisterEmptyUART()
 .text._ZN6SERCOM12readDataUARTEv
                0x0000000000003186        0x8 /var/folders/jy/jw0bgk914_n5q45dn34txm5r0000gn/T/arduino-sketch-5058F1AF8388633F609CADB75A75DC9D/../arduino-core-cache/core_adafruit_samd_adafruit_trinket_m0_36dd30fd0ed9abe3a5d7b37e993b6b3e.a(SERCOM.cpp.o)
                0x0000000000003186                SERCOM::readDataUART()
 .text._ZN6SERCOM13writeDataUARTEh
                0x000000000000318e       0x10 /var/folders/jy/jw0bgk914_n5q45dn34txm5r0000gn/T/arduino-sketch-5058F1AF8388633F609CADB75A75DC9D/../arduino-core-cache/core_adafruit_samd_adafruit_trinket_m0_36dd30fd0ed9abe3a5d7b37e993b6b3e.a(SERCOM.cpp.o)
                0x000000000000318e                SERCOM::writeDataUART(unsigned char)
 .text._ZN6SERCOM36enableDataRegisterEmptyInterruptUARTEv
                0x000000000000319e        0x8 /var/folders/jy/jw0bgk914_n5q45dn34txm5r0000gn/T/arduino-sketch-5058F1AF8388633F609CADB75A75DC9D/../arduino-core-cache/core_adafruit_samd_adafruit_trinket_m0_36dd30fd0ed9abe3a5d7b37e993b6b3e.a(SERCOM.cpp.o)
                0x000000000000319e                SERCOM::enableDataRegisterEmptyInterruptUART()
 .text._ZN6SERCOM37disableDataRegisterEmptyInterruptUARTEv
                0x00000000000031a6        0x8 /var/folders/jy/jw0bgk914_n5q45dn34txm5r0000gn/T/arduino-sketch-5058F1AF8388633F609CADB75A75DC9D/../arduino-core-cache/core_adafruit_samd_adafruit_trinket_m0_36dd30fd0ed9abe3a5d7b37e993b6b3e.a(SERCOM.cpp.o)
                0x00000000000031a6                SERCOM::disableDataRegisterEmptyInterruptUART()
 .text._ZN6SERCOM8resetSPIEv
                0x00000000000031ae       0x1a /var/folders/jy/jw0bgk914_n5q45dn34txm5r0000gn/T/arduino-sketch-5058F1AF8388633F609CADB75A75DC9D/../arduino-core-cache/core_adafruit_samd_adafruit_trinket_m0_36dd30fd0ed9abe3a5d7b37e993b6b3e.a(SERCOM.cpp.o)
                0x00000000000031ae                SERCOM::resetSPI()
 .text._ZN6SERCOM9enableSPIEv
                0x00000000000031c8       0x14 /var/folders/jy/jw0bgk914_n5q45dn34txm5r0000gn/T/arduino-sketch-5058F1AF8388633F609CADB75A75DC9D/../arduino-core-cache/core_adafruit_samd_adafruit_trinket_m0_36dd30fd0ed9abe3a5d7b37e993b6b3e.a(SERCOM.cpp.o)
                0x00000000000031c8                SERCOM::enableSPI()
 .text._ZN6SERCOM10disableSPIEv
                0x00000000000031dc       0x12 /var/folders/jy/jw0bgk914_n5q45dn34txm5r0000gn/T/arduino-sketch-5058F1AF8388633F609CADB75A75DC9D/../arduino-core-cache/core_adafruit_samd_adafruit_trinket_m0_36dd30fd0ed9abe3a5d7b37e993b6b3e.a(SERCOM.cpp.o)
                0x00000000000031dc                SERCOM::disableSPI()
 *fill*         0x00000000000031ee        0x2 
 .text._ZN6SERCOM15setDataOrderSPIE15SercomDataOrder
                0x00000000000031f0       0x28 /var/folders/jy/jw0bgk914_n5q45dn34txm5r0000gn/T/arduino-sketch-5058F1AF8388633F609CADB75A75DC9D/../arduino-core-cache/core_adafruit_samd_adafruit_trinket_m0_36dd30fd0ed9abe3a5d7b37e993b6b3e.a(SERCOM.cpp.o)
                0x00000000000031f0                SERCOM::setDataOrderSPI(SercomDataOrder)
 .text._ZN6SERCOM15setClockModeSPIE18SercomSpiClockMode
                0x0000000000003218       0x40 /var/folders/jy/jw0bgk914_n5q45dn34txm5r0000gn/T/arduino-sketch-5058F1AF8388633F609CADB75A75DC9D/../arduino-core-cache/core_adafruit_samd_adafruit_trinket_m0_36dd30fd0ed9abe3a5d7b37e993b6b3e.a(SERCOM.cpp.o)
                0x0000000000003218                SERCOM::setClockModeSPI(SercomSpiClockMode)
 .text._ZN6SERCOM15transferDataSPIEh
                0x0000000000003258       0x1a /var/folders/jy/jw0bgk914_n5q45dn34txm5r0000gn/T/arduino-sketch-5058F1AF8388633F609CADB75A75DC9D/../arduino-core-cache/core_adafruit_samd_adafruit_trinket_m0_36dd30fd0ed9abe3a5d7b37e993b6b3e.a(SERCOM.cpp.o)
                0x0000000000003258                SERCOM::transferDataSPI(unsigned char)
 *fill*         0x0000000000003272        0x2 
 .text._ZN6SERCOM28calculateBaudrateSynchronousEm
                0x0000000000003274       0x1c /var/folders/jy/jw0bgk914_n5q45dn34txm5r0000gn/T/arduino-sketch-5058F1AF8388633F609CADB75A75DC9D/../arduino-core-cache/core_adafruit_samd_adafruit_trinket_m0_36dd30fd0ed9abe3a5d7b37e993b6b3e.a(SERCOM.cpp.o)
                0x0000000000003274                SERCOM::calculateBaudrateSynchronous(unsigned long)
 .text._ZN6SERCOM12initSPIClockE18SercomSpiClockModem
                0x0000000000003290       0x26 /var/folders/jy/jw0bgk914_n5q45dn34txm5r0000gn/T/arduino-sketch-5058F1AF8388633F609CADB75A75DC9D/../arduino-core-cache/core_adafruit_samd_adafruit_trinket_m0_36dd30fd0ed9abe3a5d7b37e993b6b3e.a(SERCOM.cpp.o)
                0x0000000000003290                SERCOM::initSPIClock(SercomSpiClockMode, unsigned long)
 *fill*         0x00000000000032b6        0x2 
 .text._ZN6SERCOM14setBaudrateSPIEh
                0x00000000000032b8       0x2c /var/folders/jy/jw0bgk914_n5q45dn34txm5r0000gn/T/arduino-sketch-5058F1AF8388633F609CADB75A75DC9D/../arduino-core-cache/core_adafruit_samd_adafruit_trinket_m0_36dd30fd0ed9abe3a5d7b37e993b6b3e.a(SERCOM.cpp.o)
                0x00000000000032b8                SERCOM::setBaudrateSPI(unsigned char)
 .text._ZN6SERCOM14getSercomIndexEv
                0x00000000000032e4       0x40 /var/folders/jy/jw0bgk914_n5q45dn34txm5r0000gn/T/arduino-sketch-5058F1AF8388633F609CADB75A75DC9D/../arduino-core-cache/core_adafruit_samd_adafruit_trinket_m0_36dd30fd0ed9abe3a5d7b37e993b6b3e.a(SERCOM.cpp.o)
                0x00000000000032e4                SERCOM::getSercomIndex()
 .text._ZN6SERCOM13initClockNVICEv
                0x0000000000003324       0x90 /var/folders/jy/jw0bgk914_n5q45dn34txm5r0000gn/T/arduino-sketch-5058F1AF8388633F609CADB75A75DC9D/../arduino-core-cache/core_adafruit_samd_adafruit_trinket_m0_36dd30fd0ed9abe3a5d7b37e993b6b3e.a(SERCOM.cpp.o)
                0x0000000000003324                SERCOM::initClockNVIC()
 .text._ZN6SERCOM8initUARTE14SercomUartMode20SercomUartSampleRatem
                0x00000000000033b4       0x6c /var/folders/jy/jw0bgk914_n5q45dn34txm5r0000gn/T/arduino-sketch-5058F1AF8388633F609CADB75A75DC9D/../arduino-core-cache/core_adafruit_samd_adafruit_trinket_m0_36dd30fd0ed9abe3a5d7b37e993b6b3e.a(SERCOM.cpp.o)
                0x00000000000033b4                SERCOM::initUART(SercomUartMode, SercomUartSampleRate, unsigned long)
 .text._ZN6SERCOM7initSPIE14SercomSpiTXPad11SercomRXPad17SercomSpiCharSize15SercomDataOrder
                0x0000000000003420       0x52 /var/folders/jy/jw0bgk914_n5q45dn34txm5r0000gn/T/arduino-sketch-5058F1AF8388633F609CADB75A75DC9D/../arduino-core-cache/core_adafruit_samd_adafruit_trinket_m0_36dd30fd0ed9abe3a5d7b37e993b6b3e.a(SERCOM.cpp.o)
                0x0000000000003420                SERCOM::initSPI(SercomSpiTXPad, SercomRXPad, SercomSpiCharSize, SercomDataOrder)
 .text._ZN7Serial_17availableForWriteEv
                0x0000000000003472        0x4 /var/folders/jy/jw0bgk914_n5q45dn34txm5r0000gn/T/arduino-sketch-5058F1AF8388633F609CADB75A75DC9D/../arduino-core-cache/core_adafruit_samd_adafruit_trinket_m0_36dd30fd0ed9abe3a5d7b37e993b6b3e.a(CDC.cpp.o)
                0x0000000000003472                Serial_::availableForWrite()
 .text._ZN7Serial_5writeEh
                0x0000000000003476       0x14 /var/folders/jy/jw0bgk914_n5q45dn34txm5r0000gn/T/arduino-sketch-5058F1AF8388633F609CADB75A75DC9D/../arduino-core-cache/core_adafruit_samd_adafruit_trinket_m0_36dd30fd0ed9abe3a5d7b37e993b6b3e.a(CDC.cpp.o)
                0x0000000000003476                Serial_::write(unsigned char)
 .text._ZN7Serial_9availableEv
                0x000000000000348a        0xc /var/folders/jy/jw0bgk914_n5q45dn34txm5r0000gn/T/arduino-sketch-5058F1AF8388633F609CADB75A75DC9D/../arduino-core-cache/core_adafruit_samd_adafruit_trinket_m0_36dd30fd0ed9abe3a5d7b37e993b6b3e.a(CDC.cpp.o)
                0x000000000000348a                Serial_::available()
 .text._ZN7Serial_5flushEv
                0x0000000000003496        0xc /var/folders/jy/jw0bgk914_n5q45dn34txm5r0000gn/T/arduino-sketch-5058F1AF8388633F609CADB75A75DC9D/../arduino-core-cache/core_adafruit_samd_adafruit_trinket_m0_36dd30fd0ed9abe3a5d7b37e993b6b3e.a(CDC.cpp.o)
                0x0000000000003496                Serial_::flush()
 *fill*         0x00000000000034a2        0x2 
 .text._ZN7Serial_5writeEPKhj
                0x00000000000034a4       0x2c /var/folders/jy/jw0bgk914_n5q45dn34txm5r0000gn/T/arduino-sketch-5058F1AF8388633F609CADB75A75DC9D/../arduino-core-cache/core_adafruit_samd_adafruit_trinket_m0_36dd30fd0ed9abe3a5d7b37e993b6b3e.a(CDC.cpp.o)
                0x00000000000034a4                Serial_::write(unsigned char const*, unsigned int)
 .text._ZN7Serial_4peekEv
                0x00000000000034d0       0x1c /var/folders/jy/jw0bgk914_n5q45dn34txm5r0000gn/T/arduino-sketch-5058F1AF8388633F609CADB75A75DC9D/../arduino-core-cache/core_adafruit_samd_adafruit_trinket_m0_36dd30fd0ed9abe3a5d7b37e993b6b3e.a(CDC.cpp.o)
                0x00000000000034d0                Serial_::peek()
 .text._ZN7Serial_4readEv
                0x00000000000034ec       0x24 /var/folders/jy/jw0bgk914_n5q45dn34txm5r0000gn/T/arduino-sketch-5058F1AF8388633F609CADB75A75DC9D/../arduino-core-cache/core_adafruit_samd_adafruit_trinket_m0_36dd30fd0ed9abe3a5d7b37e993b6b3e.a(CDC.cpp.o)
                0x00000000000034ec                Serial_::read()
 .text._Z16CDC_GetInterfacePh
                0x0000000000003510       0x1c /var/folders/jy/jw0bgk914_n5q45dn34txm5r0000gn/T/arduino-sketch-5058F1AF8388633F609CADB75A75DC9D/../arduino-core-cache/core_adafruit_samd_adafruit_trinket_m0_36dd30fd0ed9abe3a5d7b37e993b6b3e.a(CDC.cpp.o)
                0x0000000000003510                CDC_GetInterface(unsigned char*)
 .text._Z9CDC_SetupR8USBSetup
                0x000000000000352c       0x7c /var/folders/jy/jw0bgk914_n5q45dn34txm5r0000gn/T/arduino-sketch-5058F1AF8388633F609CADB75A75DC9D/../arduino-core-cache/core_adafruit_samd_adafruit_trinket_m0_36dd30fd0ed9abe3a5d7b37e993b6b3e.a(CDC.cpp.o)
                0x000000000000352c                CDC_Setup(USBSetup&)
 .text._ZN7Serial_5beginEm
                0x00000000000035a8        0x2 /var/folders/jy/jw0bgk914_n5q45dn34txm5r0000gn/T/arduino-sketch-5058F1AF8388633F609CADB75A75DC9D/../arduino-core-cache/core_adafruit_samd_adafruit_trinket_m0_36dd30fd0ed9abe3a5d7b37e993b6b3e.a(CDC.cpp.o)
                0x00000000000035a8                Serial_::begin(unsigned long)
 *fill*         0x00000000000035aa        0x2 
 .text.startup._GLOBAL__sub_I__Z17_CDC_GetInterfacev
                0x00000000000035ac       0x28 /var/folders/jy/jw0bgk914_n5q45dn34txm5r0000gn/T/arduino-sketch-5058F1AF8388633F609CADB75A75DC9D/../arduino-core-cache/core_adafruit_samd_adafruit_trinket_m0_36dd30fd0ed9abe3a5d7b37e993b6b3e.a(CDC.cpp.o)
 .text._ZN26DoubleBufferedEPOutHandler4initEv
                0x00000000000035d4        0x2 /var/folders/jy/jw0bgk914_n5q45dn34txm5r0000gn/T/arduino-sketch-5058F1AF8388633F609CADB75A75DC9D/../arduino-core-cache/core_adafruit_samd_adafruit_trinket_m0_36dd30fd0ed9abe3a5d7b37e993b6b3e.a(USBCore.cpp.o)
                0x00000000000035d4                DoubleBufferedEPOutHandler::init()
 .text._ZL5utox8mPc
                0x00000000000035d6       0x24 /var/folders/jy/jw0bgk914_n5q45dn34txm5r0000gn/T/arduino-sketch-5058F1AF8388633F609CADB75A75DC9D/../arduino-core-cache/core_adafruit_samd_adafruit_trinket_m0_36dd30fd0ed9abe3a5d7b37e993b6b3e.a(USBCore.cpp.o)
 .text._ZN26DoubleBufferedEPOutHandlerD2Ev
                0x00000000000035fa       0x14 /var/folders/jy/jw0bgk914_n5q45dn34txm5r0000gn/T/arduino-sketch-5058F1AF8388633F609CADB75A75DC9D/../arduino-core-cache/core_adafruit_samd_adafruit_trinket_m0_36dd30fd0ed9abe3a5d7b37e993b6b3e.a(USBCore.cpp.o)
                0x00000000000035fa                DoubleBufferedEPOutHandler::~DoubleBufferedEPOutHandler()
                0x00000000000035fa                DoubleBufferedEPOutHandler::~DoubleBufferedEPOutHandler()
 .text._ZN26DoubleBufferedEPOutHandlerD0Ev
                0x000000000000360e       0x12 /var/folders/jy/jw0bgk914_n5q45dn34txm5r0000gn/T/arduino-sketch-5058F1AF8388633F609CADB75A75DC9D/../arduino-core-cache/core_adafruit_samd_adafruit_trinket_m0_36dd30fd0ed9abe3a5d7b37e993b6b3e.a(USBCore.cpp.o)
                0x000000000000360e                DoubleBufferedEPOutHandler::~DoubleBufferedEPOutHandler()
 .text._ZN14USBDeviceClass6initEPEmm.part.5
                0x0000000000003620       0xe8 /var/folders/jy/jw0bgk914_n5q45dn34txm5r0000gn/T/arduino-sketch-5058F1AF8388633F609CADB75A75DC9D/../arduino-core-cache/core_adafruit_samd_adafruit_trinket_m0_36dd30fd0ed9abe3a5d7b37e993b6b3e.a(USBCore.cpp.o)
 .text._ZN7__GuardC2Ev
                0x0000000000003708        0xe /var/folders/jy/jw0bgk914_n5q45dn34txm5r0000gn/T/arduino-sketch-5058F1AF8388633F609CADB75A75DC9D/../arduino-core-cache/core_adafruit_samd_adafruit_trinket_m0_36dd30fd0ed9abe3a5d7b37e993b6b3e.a(USBCore.cpp.o)
                0x0000000000003708                __Guard::__Guard()
                0x0000000000003708                __Guard::__Guard()
 .text._ZN7__GuardD2Ev
                0x0000000000003716        0xe /var/folders/jy/jw0bgk914_n5q45dn34txm5r0000gn/T/arduino-sketch-5058F1AF8388633F609CADB75A75DC9D/../arduino-core-cache/core_adafruit_samd_adafruit_trinket_m0_36dd30fd0ed9abe3a5d7b37e993b6b3e.a(USBCore.cpp.o)
                0x0000000000003716                __Guard::~__Guard()
                0x0000000000003716                __Guard::~__Guard()
 .text._ZNK26DoubleBufferedEPOutHandler9availableEv
                0x0000000000003724       0x5e /var/folders/jy/jw0bgk914_n5q45dn34txm5r0000gn/T/arduino-sketch-5058F1AF8388633F609CADB75A75DC9D/../arduino-core-cache/core_adafruit_samd_adafruit_trinket_m0_36dd30fd0ed9abe3a5d7b37e993b6b3e.a(USBCore.cpp.o)
                0x0000000000003724                DoubleBufferedEPOutHandler::available() const
 *fill*         0x0000000000003782        0x2 
 .text._ZN26DoubleBufferedEPOutHandler7releaseEv
                0x0000000000003784       0x64 /var/folders/jy/jw0bgk914_n5q45dn34txm5r0000gn/T/arduino-sketch-5058F1AF8388633F609CADB75A75DC9D/../arduino-core-cache/core_adafruit_samd_adafruit_trinket_m0_36dd30fd0ed9abe3a5d7b37e993b6b3e.a(USBCore.cpp.o)
                0x0000000000003784                DoubleBufferedEPOutHandler::release()
 .text._ZN26DoubleBufferedEPOutHandler4recvEPvm
                0x00000000000037e8      0x11e /var/folders/jy/jw0bgk914_n5q45dn34txm5r0000gn/T/arduino-sketch-5058F1AF8388633F609CADB75A75DC9D/../arduino-core-cache/core_adafruit_samd_adafruit_trinket_m0_36dd30fd0ed9abe3a5d7b37e993b6b3e.a(USBCore.cpp.o)
                0x00000000000037e8                DoubleBufferedEPOutHandler::recv(void*, unsigned long)
 .text._ZN26DoubleBufferedEPOutHandler14handleEndpointEv
                0x0000000000003906       0xc2 /var/folders/jy/jw0bgk914_n5q45dn34txm5r0000gn/T/arduino-sketch-5058F1AF8388633F609CADB75A75DC9D/../arduino-core-cache/core_adafruit_samd_adafruit_trinket_m0_36dd30fd0ed9abe3a5d7b37e993b6b3e.a(USBCore.cpp.o)
                0x0000000000003906                DoubleBufferedEPOutHandler::handleEndpoint()
 .text._ZN14USBDeviceClass14SendInterfacesEPm
                0x00000000000039c8       0x2c /var/folders/jy/jw0bgk914_n5q45dn34txm5r0000gn/T/arduino-sketch-5058F1AF8388633F609CADB75A75DC9D/../arduino-core-cache/core_adafruit_samd_adafruit_trinket_m0_36dd30fd0ed9abe3a5d7b37e993b6b3e.a(USBCore.cpp.o)
                0x00000000000039c8                USBDeviceClass::SendInterfaces(unsigned long*)
 .text._ZN14USBDeviceClass14handleEndpointEh
                0x00000000000039f4       0x44 /var/folders/jy/jw0bgk914_n5q45dn34txm5r0000gn/T/arduino-sketch-5058F1AF8388633F609CADB75A75DC9D/../arduino-core-cache/core_adafruit_samd_adafruit_trinket_m0_36dd30fd0ed9abe3a5d7b37e993b6b3e.a(USBCore.cpp.o)
                0x00000000000039f4                USBDeviceClass::handleEndpoint(unsigned char)
 .text._ZN14USBDeviceClass4initEv
                0x0000000000003a38       0xf4 /var/folders/jy/jw0bgk914_n5q45dn34txm5r0000gn/T/arduino-sketch-5058F1AF8388633F609CADB75A75DC9D/../arduino-core-cache/core_adafruit_samd_adafruit_trinket_m0_36dd30fd0ed9abe3a5d7b37e993b6b3e.a(USBCore.cpp.o)
                0x0000000000003a38                USBDeviceClass::init()
 .text._ZN14USBDeviceClass6attachEv
                0x0000000000003b2c       0x34 /var/folders/jy/jw0bgk914_n5q45dn34txm5r0000gn/T/arduino-sketch-5058F1AF8388633F609CADB75A75DC9D/../arduino-core-cache/core_adafruit_samd_adafruit_trinket_m0_36dd30fd0ed9abe3a5d7b37e993b6b3e.a(USBCore.cpp.o)
                0x0000000000003b2c                USBDeviceClass::attach()
 .text._ZN14USBDeviceClass10setAddressEm
                0x0000000000003b60       0x48 /var/folders/jy/jw0bgk914_n5q45dn34txm5r0000gn/T/arduino-sketch-5058F1AF8388633F609CADB75A75DC9D/../arduino-core-cache/core_adafruit_samd_adafruit_trinket_m0_36dd30fd0ed9abe3a5d7b37e993b6b3e.a(USBCore.cpp.o)
                0x0000000000003b60                USBDeviceClass::setAddress(unsigned long)
 .text._ZN14USBDeviceClass25handleClassInterfaceSetupER8USBSetup
                0x0000000000003ba8       0x44 /var/folders/jy/jw0bgk914_n5q45dn34txm5r0000gn/T/arduino-sketch-5058F1AF8388633F609CADB75A75DC9D/../arduino-core-cache/core_adafruit_samd_adafruit_trinket_m0_36dd30fd0ed9abe3a5d7b37e993b6b3e.a(USBCore.cpp.o)
                0x0000000000003ba8                USBDeviceClass::handleClassInterfaceSetup(USBSetup&)
 .text._ZN14USBDeviceClass6initEPEmm
                0x0000000000003bec       0xf8 /var/folders/jy/jw0bgk914_n5q45dn34txm5r0000gn/T/arduino-sketch-5058F1AF8388633F609CADB75A75DC9D/../arduino-core-cache/core_adafruit_samd_adafruit_trinket_m0_36dd30fd0ed9abe3a5d7b37e993b6b3e.a(USBCore.cpp.o)
                0x0000000000003bec                USBDeviceClass::initEP(unsigned long, unsigned long)
 .text._ZN14USBDeviceClass13initEndpointsEv
                0x0000000000003ce4       0x24 /var/folders/jy/jw0bgk914_n5q45dn34txm5r0000gn/T/arduino-sketch-5058F1AF8388633F609CADB75A75DC9D/../arduino-core-cache/core_adafruit_samd_adafruit_trinket_m0_36dd30fd0ed9abe3a5d7b37e993b6b3e.a(USBCore.cpp.o)
                0x0000000000003ce4                USBDeviceClass::initEndpoints()
 .text._ZN14USBDeviceClass9availableEm
                0x0000000000003d08       0x2c /var/folders/jy/jw0bgk914_n5q45dn34txm5r0000gn/T/arduino-sketch-5058F1AF8388633F609CADB75A75DC9D/../arduino-core-cache/core_adafruit_samd_adafruit_trinket_m0_36dd30fd0ed9abe3a5d7b37e993b6b3e.a(USBCore.cpp.o)
                0x0000000000003d08                USBDeviceClass::available(unsigned long)
 .text._ZN14USBDeviceClass5flushEm
                0x0000000000003d34       0x2c /var/folders/jy/jw0bgk914_n5q45dn34txm5r0000gn/T/arduino-sketch-5058F1AF8388633F609CADB75A75DC9D/../arduino-core-cache/core_adafruit_samd_adafruit_trinket_m0_36dd30fd0ed9abe3a5d7b37e993b6b3e.a(USBCore.cpp.o)
                0x0000000000003d34                USBDeviceClass::flush(unsigned long)
 .text._ZN14USBDeviceClass14armRecvCtrlOUTEm
                0x0000000000003d60       0x5c /var/folders/jy/jw0bgk914_n5q45dn34txm5r0000gn/T/arduino-sketch-5058F1AF8388633F609CADB75A75DC9D/../arduino-core-cache/core_adafruit_samd_adafruit_trinket_m0_36dd30fd0ed9abe3a5d7b37e993b6b3e.a(USBCore.cpp.o)
                0x0000000000003d60                USBDeviceClass::armRecvCtrlOUT(unsigned long)
 .text._ZN14USBDeviceClass11recvControlEPvm
                0x0000000000003dbc       0x3c /var/folders/jy/jw0bgk914_n5q45dn34txm5r0000gn/T/arduino-sketch-5058F1AF8388633F609CADB75A75DC9D/../arduino-core-cache/core_adafruit_samd_adafruit_trinket_m0_36dd30fd0ed9abe3a5d7b37e993b6b3e.a(USBCore.cpp.o)
                0x0000000000003dbc                USBDeviceClass::recvControl(void*, unsigned long)
 .text._ZN14USBDeviceClass7armRecvEm
                0x0000000000003df8       0x38 /var/folders/jy/jw0bgk914_n5q45dn34txm5r0000gn/T/arduino-sketch-5058F1AF8388633F609CADB75A75DC9D/../arduino-core-cache/core_adafruit_samd_adafruit_trinket_m0_36dd30fd0ed9abe3a5d7b37e993b6b3e.a(USBCore.cpp.o)
                0x0000000000003df8                USBDeviceClass::armRecv(unsigned long)
 .text._ZN14USBDeviceClass4recvEmPvm
                0x0000000000003e30       0xd8 /var/folders/jy/jw0bgk914_n5q45dn34txm5r0000gn/T/arduino-sketch-5058F1AF8388633F609CADB75A75DC9D/../arduino-core-cache/core_adafruit_samd_adafruit_trinket_m0_36dd30fd0ed9abe3a5d7b37e993b6b3e.a(USBCore.cpp.o)
                0x0000000000003e30                USBDeviceClass::recv(unsigned long, void*, unsigned long)
 .text._ZN14USBDeviceClass4recvEm
                0x0000000000003f08       0x1c /var/folders/jy/jw0bgk914_n5q45dn34txm5r0000gn/T/arduino-sketch-5058F1AF8388633F609CADB75A75DC9D/../arduino-core-cache/core_adafruit_samd_adafruit_trinket_m0_36dd30fd0ed9abe3a5d7b37e993b6b3e.a(USBCore.cpp.o)
                0x0000000000003f08                USBDeviceClass::recv(unsigned long)
 .text._ZN14USBDeviceClass4sendEmPKvm
                0x0000000000003f24      0x110 /var/folders/jy/jw0bgk914_n5q45dn34txm5r0000gn/T/arduino-sketch-5058F1AF8388633F609CADB75A75DC9D/../arduino-core-cache/core_adafruit_samd_adafruit_trinket_m0_36dd30fd0ed9abe3a5d7b37e993b6b3e.a(USBCore.cpp.o)
                0x0000000000003f24                USBDeviceClass::send(unsigned long, void const*, unsigned long)
 .text._ZN14USBDeviceClass7armSendEmPKvm
                0x0000000000004034       0x48 /var/folders/jy/jw0bgk914_n5q45dn34txm5r0000gn/T/arduino-sketch-5058F1AF8388633F609CADB75A75DC9D/../arduino-core-cache/core_adafruit_samd_adafruit_trinket_m0_36dd30fd0ed9abe3a5d7b37e993b6b3e.a(USBCore.cpp.o)
                0x0000000000004034                USBDeviceClass::armSend(unsigned long, void const*, unsigned long)
 .text._ZN14USBDeviceClass11sendControlEPKvm
                0x000000000000407c       0x54 /var/folders/jy/jw0bgk914_n5q45dn34txm5r0000gn/T/arduino-sketch-5058F1AF8388633F609CADB75A75DC9D/../arduino-core-cache/core_adafruit_samd_adafruit_trinket_m0_36dd30fd0ed9abe3a5d7b37e993b6b3e.a(USBCore.cpp.o)
                0x000000000000407c                USBDeviceClass::sendControl(void const*, unsigned long)
 .text._ZN14USBDeviceClass20sendStringDescriptorEPKhh
                0x00000000000040d0       0x68 /var/folders/jy/jw0bgk914_n5q45dn34txm5r0000gn/T/arduino-sketch-5058F1AF8388633F609CADB75A75DC9D/../arduino-core-cache/core_adafruit_samd_adafruit_trinket_m0_36dd30fd0ed9abe3a5d7b37e993b6b3e.a(USBCore.cpp.o)
                0x00000000000040d0                USBDeviceClass::sendStringDescriptor(unsigned char const*, unsigned char)
 .text._ZN14USBDeviceClass17sendConfigurationEm
                0x0000000000004138       0x80 /var/folders/jy/jw0bgk914_n5q45dn34txm5r0000gn/T/arduino-sketch-5058F1AF8388633F609CADB75A75DC9D/../arduino-core-cache/core_adafruit_samd_adafruit_trinket_m0_36dd30fd0ed9abe3a5d7b37e993b6b3e.a(USBCore.cpp.o)
                0x0000000000004138                USBDeviceClass::sendConfiguration(unsigned long)
 .text._ZN14USBDeviceClass14sendDescriptorER8USBSetup
                0x00000000000041b8       0xe4 /var/folders/jy/jw0bgk914_n5q45dn34txm5r0000gn/T/arduino-sketch-5058F1AF8388633F609CADB75A75DC9D/../arduino-core-cache/core_adafruit_samd_adafruit_trinket_m0_36dd30fd0ed9abe3a5d7b37e993b6b3e.a(USBCore.cpp.o)
                0x00000000000041b8                USBDeviceClass::sendDescriptor(USBSetup&)
 .text._ZN14USBDeviceClass19handleStandardSetupER8USBSetup
                0x000000000000429c      0x104 /var/folders/jy/jw0bgk914_n5q45dn34txm5r0000gn/T/arduino-sketch-5058F1AF8388633F609CADB75A75DC9D/../arduino-core-cache/core_adafruit_samd_adafruit_trinket_m0_36dd30fd0ed9abe3a5d7b37e993b6b3e.a(USBCore.cpp.o)
                0x000000000000429c                USBDeviceClass::handleStandardSetup(USBSetup&)
 .text._ZN14USBDeviceClass10ISRHandlerEv
                0x00000000000043a0      0x150 /var/folders/jy/jw0bgk914_n5q45dn34txm5r0000gn/T/arduino-sketch-5058F1AF8388633F609CADB75A75DC9D/../arduino-core-cache/core_adafruit_samd_adafruit_trinket_m0_36dd30fd0ed9abe3a5d7b37e993b6b3e.a(USBCore.cpp.o)
                0x00000000000043a0                USBDeviceClass::ISRHandler()
 .text.UDD_Handler
                0x00000000000044f0       0x10 /var/folders/jy/jw0bgk914_n5q45dn34txm5r0000gn/T/arduino-sketch-5058F1AF8388633F609CADB75A75DC9D/../arduino-core-cache/core_adafruit_samd_adafruit_trinket_m0_36dd30fd0ed9abe3a5d7b37e993b6b3e.a(USBCore.cpp.o)
                0x00000000000044f0                UDD_Handler
 .text.startup._GLOBAL__sub_I_usbd
                0x0000000000004500       0x10 /var/folders/jy/jw0bgk914_n5q45dn34txm5r0000gn/T/arduino-sketch-5058F1AF8388633F609CADB75A75DC9D/../arduino-core-cache/core_adafruit_samd_adafruit_trinket_m0_36dd30fd0ed9abe3a5d7b37e993b6b3e.a(USBCore.cpp.o)
 .text._ZN4UartcvbEv
                0x0000000000004510        0x4 /var/folders/jy/jw0bgk914_n5q45dn34txm5r0000gn/T/arduino-sketch-5058F1AF8388633F609CADB75A75DC9D/../arduino-core-cache/core_adafruit_samd_adafruit_trinket_m0_36dd30fd0ed9abe3a5d7b37e993b6b3e.a(Uart.cpp.o)
                0x0000000000004510                Uart::operator bool()
 .text._ZN4Uart5beginEm
                0x0000000000004514       0x10 /var/folders/jy/jw0bgk914_n5q45dn34txm5r0000gn/T/arduino-sketch-5058F1AF8388633F609CADB75A75DC9D/../arduino-core-cache/core_adafruit_samd_adafruit_trinket_m0_36dd30fd0ed9abe3a5d7b37e993b6b3e.a(Uart.cpp.o)
                0x0000000000004514                Uart::begin(unsigned long)
 .text._ZN4Uart4peekEv
                0x0000000000004524       0x1a /var/folders/jy/jw0bgk914_n5q45dn34txm5r0000gn/T/arduino-sketch-5058F1AF8388633F609CADB75A75DC9D/../arduino-core-cache/core_adafruit_samd_adafruit_trinket_m0_36dd30fd0ed9abe3a5d7b37e993b6b3e.a(Uart.cpp.o)
                0x0000000000004524                Uart::peek()
 .text._ZN4Uart3endEv
                0x000000000000453e       0x20 /var/folders/jy/jw0bgk914_n5q45dn34txm5r0000gn/T/arduino-sketch-5058F1AF8388633F609CADB75A75DC9D/../arduino-core-cache/core_adafruit_samd_adafruit_trinket_m0_36dd30fd0ed9abe3a5d7b37e993b6b3e.a(Uart.cpp.o)
                0x000000000000453e                Uart::end()
 .text._ZN4Uart16extractNbStopBitEt
                0x000000000000455e        0xc /var/folders/jy/jw0bgk914_n5q45dn34txm5r0000gn/T/arduino-sketch-5058F1AF8388633F609CADB75A75DC9D/../arduino-core-cache/core_adafruit_samd_adafruit_trinket_m0_36dd30fd0ed9abe3a5d7b37e993b6b3e.a(Uart.cpp.o)
                0x000000000000455e                Uart::extractNbStopBit(unsigned short)
 .text._ZN4Uart15extractCharSizeEt
                0x000000000000456a       0x28 /var/folders/jy/jw0bgk914_n5q45dn34txm5r0000gn/T/arduino-sketch-5058F1AF8388633F609CADB75A75DC9D/../arduino-core-cache/core_adafruit_samd_adafruit_trinket_m0_36dd30fd0ed9abe3a5d7b37e993b6b3e.a(Uart.cpp.o)
                0x000000000000456a                Uart::extractCharSize(unsigned short)
 .text._ZN4Uart13extractParityEt
                0x0000000000004592       0x14 /var/folders/jy/jw0bgk914_n5q45dn34txm5r0000gn/T/arduino-sketch-5058F1AF8388633F609CADB75A75DC9D/../arduino-core-cache/core_adafruit_samd_adafruit_trinket_m0_36dd30fd0ed9abe3a5d7b37e993b6b3e.a(Uart.cpp.o)
                0x0000000000004592                Uart::extractParity(unsigned short)
 *fill*         0x00000000000045a6        0x2 
 .text._ZN4Uart5beginEmt
                0x00000000000045a8       0xf8 /var/folders/jy/jw0bgk914_n5q45dn34txm5r0000gn/T/arduino-sketch-5058F1AF8388633F609CADB75A75DC9D/../arduino-core-cache/core_adafruit_samd_adafruit_trinket_m0_36dd30fd0ed9abe3a5d7b37e993b6b3e.a(Uart.cpp.o)
                0x00000000000045a8                Uart::begin(unsigned long, unsigned short)
 .text._ZN11RingBufferNILi256EEC2Ev
                0x00000000000046a0       0x1c /var/folders/jy/jw0bgk914_n5q45dn34txm5r0000gn/T/arduino-sketch-5058F1AF8388633F609CADB75A75DC9D/../arduino-core-cache/core_adafruit_samd_adafruit_trinket_m0_36dd30fd0ed9abe3a5d7b37e993b6b3e.a(Uart.cpp.o)
                0x00000000000046a0                RingBufferN<256>::RingBufferN()
                0x00000000000046a0                RingBufferN<256>::RingBufferN()
 .text._ZN4UartC2EP6SERCOMhh11SercomRXPad15SercomUartTXPad
                0x00000000000046bc       0x74 /var/folders/jy/jw0bgk914_n5q45dn34txm5r0000gn/T/arduino-sketch-5058F1AF8388633F609CADB75A75DC9D/../arduino-core-cache/core_adafruit_samd_adafruit_trinket_m0_36dd30fd0ed9abe3a5d7b37e993b6b3e.a(Uart.cpp.o)
                0x00000000000046bc                Uart::Uart(SERCOM*, unsigned char, unsigned char, SercomRXPad, SercomUartTXPad)
                0x00000000000046bc                Uart::Uart(SERCOM*, unsigned char, unsigned char, SercomRXPad, SercomUartTXPad)
 .text._ZN11RingBufferNILi256EE9availableEv
                0x0000000000004730       0x12 /var/folders/jy/jw0bgk914_n5q45dn34txm5r0000gn/T/arduino-sketch-5058F1AF8388633F609CADB75A75DC9D/../arduino-core-cache/core_adafruit_samd_adafruit_trinket_m0_36dd30fd0ed9abe3a5d7b37e993b6b3e.a(Uart.cpp.o)
                0x0000000000004730                RingBufferN<256>::available()
 .text._ZN4Uart5flushEv
                0x0000000000004742       0x1a /var/folders/jy/jw0bgk914_n5q45dn34txm5r0000gn/T/arduino-sketch-5058F1AF8388633F609CADB75A75DC9D/../arduino-core-cache/core_adafruit_samd_adafruit_trinket_m0_36dd30fd0ed9abe3a5d7b37e993b6b3e.a(Uart.cpp.o)
                0x0000000000004742                Uart::flush()
 .text._ZN4Uart9availableEv
                0x000000000000475c        0xa /var/folders/jy/jw0bgk914_n5q45dn34txm5r0000gn/T/arduino-sketch-5058F1AF8388633F609CADB75A75DC9D/../arduino-core-cache/core_adafruit_samd_adafruit_trinket_m0_36dd30fd0ed9abe3a5d7b37e993b6b3e.a(Uart.cpp.o)
                0x000000000000475c                Uart::available()
 .text._ZN11RingBufferNILi256EE17availableForStoreEv
                0x0000000000004766       0x20 /var/folders/jy/jw0bgk914_n5q45dn34txm5r0000gn/T/arduino-sketch-5058F1AF8388633F609CADB75A75DC9D/../arduino-core-cache/core_adafruit_samd_adafruit_trinket_m0_36dd30fd0ed9abe3a5d7b37e993b6b3e.a(Uart.cpp.o)
                0x0000000000004766                RingBufferN<256>::availableForStore()
 .text._ZN4Uart17availableForWriteEv
                0x0000000000004786        0xc /var/folders/jy/jw0bgk914_n5q45dn34txm5r0000gn/T/arduino-sketch-5058F1AF8388633F609CADB75A75DC9D/../arduino-core-cache/core_adafruit_samd_adafruit_trinket_m0_36dd30fd0ed9abe3a5d7b37e993b6b3e.a(Uart.cpp.o)
                0x0000000000004786                Uart::availableForWrite()
 .text._ZN4Uart10IrqHandlerEv
                0x0000000000004792       0xcc /var/folders/jy/jw0bgk914_n5q45dn34txm5r0000gn/T/arduino-sketch-5058F1AF8388633F609CADB75A75DC9D/../arduino-core-cache/core_adafruit_samd_adafruit_trinket_m0_36dd30fd0ed9abe3a5d7b37e993b6b3e.a(Uart.cpp.o)
                0x0000000000004792                Uart::IrqHandler()
 *fill*         0x000000000000485e        0x2 
 .text._ZN4Uart5writeEh
                0x0000000000004860       0xb4 /var/folders/jy/jw0bgk914_n5q45dn34txm5r0000gn/T/arduino-sketch-5058F1AF8388633F609CADB75A75DC9D/../arduino-core-cache/core_adafruit_samd_adafruit_trinket_m0_36dd30fd0ed9abe3a5d7b37e993b6b3e.a(Uart.cpp.o)
                0x0000000000004860                Uart::write(unsigned char)
 .text._ZN4Uart4readEv
                0x0000000000004914       0x4c /var/folders/jy/jw0bgk914_n5q45dn34txm5r0000gn/T/arduino-sketch-5058F1AF8388633F609CADB75A75DC9D/../arduino-core-cache/core_adafruit_samd_adafruit_trinket_m0_36dd30fd0ed9abe3a5d7b37e993b6b3e.a(Uart.cpp.o)
                0x0000000000004914                Uart::read()
 .text._Z11initVariantv
                0x0000000000004960        0x2 /var/folders/jy/jw0bgk914_n5q45dn34txm5r0000gn/T/arduino-sketch-5058F1AF8388633F609CADB75A75DC9D/../arduino-core-cache/core_adafruit_samd_adafruit_trinket_m0_36dd30fd0ed9abe3a5d7b37e993b6b3e.a(main.cpp.o)
                0x0000000000004960                initVariant()
 *fill*         0x0000000000004962        0x2 
 .text.startup.main
                0x0000000000004964       0x44 /var/folders/jy/jw0bgk914_n5q45dn34txm5r0000gn/T/arduino-sketch-5058F1AF8388633F609CADB75A75DC9D/../arduino-core-cache/core_adafruit_samd_adafruit_trinket_m0_36dd30fd0ed9abe3a5d7b37e993b6b3e.a(main.cpp.o)
                0x0000000000004964                main
 .text._Znwj    0x00000000000049a8        0x8 /var/folders/jy/jw0bgk914_n5q45dn34txm5r0000gn/T/arduino-sketch-5058F1AF8388633F609CADB75A75DC9D/../arduino-core-cache/core_adafruit_samd_adafruit_trinket_m0_36dd30fd0ed9abe3a5d7b37e993b6b3e.a(new.cpp.o)
                0x00000000000049a8                operator new(unsigned int)
 .text._ZdlPv   0x00000000000049b0        0x8 /var/folders/jy/jw0bgk914_n5q45dn34txm5r0000gn/T/arduino-sketch-5058F1AF8388633F609CADB75A75DC9D/../arduino-core-cache/core_adafruit_samd_adafruit_trinket_m0_36dd30fd0ed9abe3a5d7b37e993b6b3e.a(new.cpp.o)
                0x00000000000049b0                operator delete(void*)
 .text._ZN13PluggableUSB_12getInterfaceEPh
                0x00000000000049b8       0x28 /var/folders/jy/jw0bgk914_n5q45dn34txm5r0000gn/T/arduino-sketch-5058F1AF8388633F609CADB75A75DC9D/../arduino-core-cache/core_adafruit_samd_adafruit_trinket_m0_36dd30fd0ed9abe3a5d7b37e993b6b3e.a(PluggableUSB.cpp.o)
                0x00000000000049b8                PluggableUSB_::getInterface(unsigned char*)
 .text._ZN13PluggableUSB_13getDescriptorER8USBSetup
                0x00000000000049e0       0x20 /var/folders/jy/jw0bgk914_n5q45dn34txm5r0000gn/T/arduino-sketch-5058F1AF8388633F609CADB75A75DC9D/../arduino-core-cache/core_adafruit_samd_adafruit_trinket_m0_36dd30fd0ed9abe3a5d7b37e993b6b3e.a(PluggableUSB.cpp.o)
                0x00000000000049e0                PluggableUSB_::getDescriptor(USBSetup&)
 .text._ZN13PluggableUSB_5setupER8USBSetup
                0x0000000000004a00       0x20 /var/folders/jy/jw0bgk914_n5q45dn34txm5r0000gn/T/arduino-sketch-5058F1AF8388633F609CADB75A75DC9D/../arduino-core-cache/core_adafruit_samd_adafruit_trinket_m0_36dd30fd0ed9abe3a5d7b37e993b6b3e.a(PluggableUSB.cpp.o)
                0x0000000000004a00                PluggableUSB_::setup(USBSetup&)
 .text._Z12PluggableUSBv
                0x0000000000004a20       0x24 /var/folders/jy/jw0bgk914_n5q45dn34txm5r0000gn/T/arduino-sketch-5058F1AF8388633F609CADB75A75DC9D/../arduino-core-cache/core_adafruit_samd_adafruit_trinket_m0_36dd30fd0ed9abe3a5d7b37e993b6b3e.a(PluggableUSB.cpp.o)
                0x0000000000004a20                PluggableUSB()
 .text._ZN20USBDevice_SAMD21G18x5resetEv
                0x0000000000004a44       0x2e /var/folders/jy/jw0bgk914_n5q45dn34txm5r0000gn/T/arduino-sketch-5058F1AF8388633F609CADB75A75DC9D/../arduino-core-cache/core_adafruit_samd_adafruit_trinket_m0_36dd30fd0ed9abe3a5d7b37e993b6b3e.a(SAMD21_USBDevice.cpp.o)
                0x0000000000004a44                USBDevice_SAMD21G18x::reset()
 *fill*         0x0000000000004a72        0x2 
 .text._ZN20USBDevice_SAMD21G18x9calibrateEv
                0x0000000000004a74       0x60 /var/folders/jy/jw0bgk914_n5q45dn34txm5r0000gn/T/arduino-sketch-5058F1AF8388633F609CADB75A75DC9D/../arduino-core-cache/core_adafruit_samd_adafruit_trinket_m0_36dd30fd0ed9abe3a5d7b37e993b6b3e.a(SAMD21_USBDevice.cpp.o)
                0x0000000000004a74                USBDevice_SAMD21G18x::calibrate()
 .text.__aeabi_atexit
                0x0000000000004ad4        0xe /Users/taf2/Library/Arduino15/packages/arduino/tools/arm-none-eabi-gcc/7-2017q4/bin/../lib/gcc/arm-none-eabi/7.2.1/../../../../arm-none-eabi/lib/thumb/v6-m/libstdc++_nano.a(atexit_arm.o)
                0x0000000000004ad4                __aeabi_atexit
 *fill*         0x0000000000004ae2        0x2 
 .text          0x0000000000004ae4       0x14 /Users/taf2/Library/Arduino15/packages/arduino/tools/arm-none-eabi-gcc/7-2017q4/bin/../lib/gcc/arm-none-eabi/7.2.1/thumb/v6-m/libgcc.a(_thumb1_case_uqi.o)
                0x0000000000004ae4                __gnu_thumb1_case_uqi
 .text          0x0000000000004af8      0x114 /Users/taf2/Library/Arduino15/packages/arduino/tools/arm-none-eabi-gcc/7-2017q4/bin/../lib/gcc/arm-none-eabi/7.2.1/thumb/v6-m/libgcc.a(_udivsi3.o)
                0x0000000000004af8                __udivsi3
                0x0000000000004af8                __aeabi_uidiv
                0x0000000000004c04                __aeabi_uidivmod
 .text          0x0000000000004c0c        0x4 /Users/taf2/Library/Arduino15/packages/arduino/tools/arm-none-eabi-gcc/7-2017q4/bin/../lib/gcc/arm-none-eabi/7.2.1/thumb/v6-m/libgcc.a(_dvmd_tls.o)
                0x0000000000004c0c                __aeabi_ldiv0
                0x0000000000004c0c                __aeabi_idiv0
 .text.__assert_func
                0x0000000000004c10       0x3c /Users/taf2/Library/Arduino15/packages/arduino/tools/arm-none-eabi-gcc/7-2017q4/bin/../lib/gcc/arm-none-eabi/7.2.1/../../../../arm-none-eabi/lib/thumb/v6-m/libc_nano.a(lib_a-assert.o)
                0x0000000000004c10                __assert_func
 .text.__cxa_atexit
                0x0000000000004c4c       0x1c /Users/taf2/Library/Arduino15/packages/arduino/tools/arm-none-eabi-gcc/7-2017q4/bin/../lib/gcc/arm-none-eabi/7.2.1/../../../../arm-none-eabi/lib/thumb/v6-m/libc_nano.a(lib_a-cxa_atexit.o)
                0x0000000000004c4c                __cxa_atexit
 .text.fprintf  0x0000000000004c68       0x20 /Users/taf2/Library/Arduino15/packages/arduino/tools/arm-none-eabi-gcc/7-2017q4/bin/../lib/gcc/arm-none-eabi/7.2.1/../../../../arm-none-eabi/lib/thumb/v6-m/libc_nano.a(lib_a-fprintf.o)
                0x0000000000004c68                fprintf
                0x0000000000004c68                fiprintf
 .text.__libc_init_array
                0x0000000000004c88       0x48 /Users/taf2/Library/Arduino15/packages/arduino/tools/arm-none-eabi-gcc/7-2017q4/bin/../lib/gcc/arm-none-eabi/7.2.1/../../../../arm-none-eabi/lib/thumb/v6-m/libc_nano.a(lib_a-init.o)
                0x0000000000004c88                __libc_init_array
 .text.malloc   0x0000000000004cd0       0x14 /Users/taf2/Library/Arduino15/packages/arduino/tools/arm-none-eabi-gcc/7-2017q4/bin/../lib/gcc/arm-none-eabi/7.2.1/../../../../arm-none-eabi/lib/thumb/v6-m/libc_nano.a(lib_a-malloc.o)
                0x0000000000004cd0                malloc
 .text.free     0x0000000000004ce4       0x14 /Users/taf2/Library/Arduino15/packages/arduino/tools/arm-none-eabi-gcc/7-2017q4/bin/../lib/gcc/arm-none-eabi/7.2.1/../../../../arm-none-eabi/lib/thumb/v6-m/libc_nano.a(lib_a-malloc.o)
                0x0000000000004ce4                free
 .text.memcpy   0x0000000000004cf8       0x12 /Users/taf2/Library/Arduino15/packages/arduino/tools/arm-none-eabi-gcc/7-2017q4/bin/../lib/gcc/arm-none-eabi/7.2.1/../../../../arm-none-eabi/lib/thumb/v6-m/libc_nano.a(lib_a-memcpy-stub.o)
                0x0000000000004cf8                memcpy
 .text.memset   0x0000000000004d0a       0x10 /Users/taf2/Library/Arduino15/packages/arduino/tools/arm-none-eabi-gcc/7-2017q4/bin/../lib/gcc/arm-none-eabi/7.2.1/../../../../arm-none-eabi/lib/thumb/v6-m/libc_nano.a(lib_a-memset.o)
                0x0000000000004d0a                memset
 *fill*         0x0000000000004d1a        0x2 
 .text._free_r  0x0000000000004d1c       0x94 /Users/taf2/Library/Arduino15/packages/arduino/tools/arm-none-eabi-gcc/7-2017q4/bin/../lib/gcc/arm-none-eabi/7.2.1/../../../../arm-none-eabi/lib/thumb/v6-m/libc_nano.a(lib_a-nano-freer.o)
                0x0000000000004d1c                _free_r
 .text._malloc_r
                0x0000000000004db0       0xbc /Users/taf2/Library/Arduino15/packages/arduino/tools/arm-none-eabi-gcc/7-2017q4/bin/../lib/gcc/arm-none-eabi/7.2.1/../../../../arm-none-eabi/lib/thumb/v6-m/libc_nano.a(lib_a-nano-mallocr.o)
                0x0000000000004db0                _malloc_r
 .text.__sfputc_r
                0x0000000000004e6c       0x2a /Users/taf2/Library/Arduino15/packages/arduino/tools/arm-none-eabi-gcc/7-2017q4/bin/../lib/gcc/arm-none-eabi/7.2.1/../../../../arm-none-eabi/lib/thumb/v6-m/libc_nano.a(lib_a-nano-vfprintf.o)
 .text.__sfputs_r
                0x0000000000004e96       0x24 /Users/taf2/Library/Arduino15/packages/arduino/tools/arm-none-eabi-gcc/7-2017q4/bin/../lib/gcc/arm-none-eabi/7.2.1/../../../../arm-none-eabi/lib/thumb/v6-m/libc_nano.a(lib_a-nano-vfprintf.o)
                0x0000000000004e96                __sfputs_r
 *fill*         0x0000000000004eba        0x2 
 .text._vfprintf_r
                0x0000000000004ebc      0x22c /Users/taf2/Library/Arduino15/packages/arduino/tools/arm-none-eabi-gcc/7-2017q4/bin/../lib/gcc/arm-none-eabi/7.2.1/../../../../arm-none-eabi/lib/thumb/v6-m/libc_nano.a(lib_a-nano-vfprintf.o)
                0x0000000000004ebc                _vfiprintf_r
                0x0000000000004ebc                _vfprintf_r
 .text._printf_common
                0x00000000000050e8       0xda /Users/taf2/Library/Arduino15/packages/arduino/tools/arm-none-eabi-gcc/7-2017q4/bin/../lib/gcc/arm-none-eabi/7.2.1/../../../../arm-none-eabi/lib/thumb/v6-m/libc_nano.a(lib_a-nano-vfprintf_i.o)
                0x00000000000050e8                _printf_common
 *fill*         0x00000000000051c2        0x2 
 .text._printf_i
                0x00000000000051c4      0x210 /Users/taf2/Library/Arduino15/packages/arduino/tools/arm-none-eabi-gcc/7-2017q4/bin/../lib/gcc/arm-none-eabi/7.2.1/../../../../arm-none-eabi/lib/thumb/v6-m/libc_nano.a(lib_a-nano-vfprintf_i.o)
                0x00000000000051c4                _printf_i
 .text._sbrk_r  0x00000000000053d4       0x24 /Users/taf2/Library/Arduino15/packages/arduino/tools/arm-none-eabi-gcc/7-2017q4/bin/../lib/gcc/arm-none-eabi/7.2.1/../../../../arm-none-eabi/lib/thumb/v6-m/libc_nano.a(lib_a-sbrkr.o)
                0x00000000000053d4                _sbrk_r
 .text.snprintf
                0x00000000000053f8       0x64 /Users/taf2/Library/Arduino15/packages/arduino/tools/arm-none-eabi-gcc/7-2017q4/bin/../lib/gcc/arm-none-eabi/7.2.1/../../../../arm-none-eabi/lib/thumb/v6-m/libc_nano.a(lib_a-snprintf.o)
                0x00000000000053f8                snprintf
                0x00000000000053f8                sniprintf
 .text          0x000000000000545c        0xe /Users/taf2/Library/Arduino15/packages/arduino/tools/arm-none-eabi-gcc/7-2017q4/bin/../lib/gcc/arm-none-eabi/7.2.1/../../../../arm-none-eabi/lib/thumb/v6-m/libc_nano.a(lib_a-strlen.o)
                0x000000000000545c                strlen
 *fill*         0x000000000000546a        0x2 
 .text.__swbuf_r
                0x000000000000546c       0xac /Users/taf2/Library/Arduino15/packages/arduino/tools/arm-none-eabi-gcc/7-2017q4/bin/../lib/gcc/arm-none-eabi/7.2.1/../../../../arm-none-eabi/lib/thumb/v6-m/libc_nano.a(lib_a-wbuf.o)
                0x000000000000546c                __swbuf_r
 .text.__swsetup_r
                0x0000000000005518       0xec /Users/taf2/Library/Arduino15/packages/arduino/tools/arm-none-eabi-gcc/7-2017q4/bin/../lib/gcc/arm-none-eabi/7.2.1/../../../../arm-none-eabi/lib/thumb/v6-m/libc_nano.a(lib_a-wsetup.o)
                0x0000000000005518                __swsetup_r
 .text.abort    0x0000000000005604        0xe /Users/taf2/Library/Arduino15/packages/arduino/tools/arm-none-eabi-gcc/7-2017q4/bin/../lib/gcc/arm-none-eabi/7.2.1/../../../../arm-none-eabi/lib/thumb/v6-m/libc_nano.a(lib_a-abort.o)
                0x0000000000005604                abort
 *fill*         0x0000000000005612        0x2 
 .text.__sflush_r
                0x0000000000005614      0x114 /Users/taf2/Library/Arduino15/packages/arduino/tools/arm-none-eabi-gcc/7-2017q4/bin/../lib/gcc/arm-none-eabi/7.2.1/../../../../arm-none-eabi/lib/thumb/v6-m/libc_nano.a(lib_a-fflush.o)
                0x0000000000005614                __sflush_r
 .text._fflush_r
                0x0000000000005728       0x58 /Users/taf2/Library/Arduino15/packages/arduino/tools/arm-none-eabi-gcc/7-2017q4/bin/../lib/gcc/arm-none-eabi/7.2.1/../../../../arm-none-eabi/lib/thumb/v6-m/libc_nano.a(lib_a-fflush.o)
                0x0000000000005728                _fflush_r
 .text.std      0x0000000000005780       0x48 /Users/taf2/Library/Arduino15/packages/arduino/tools/arm-none-eabi-gcc/7-2017q4/bin/../lib/gcc/arm-none-eabi/7.2.1/../../../../arm-none-eabi/lib/thumb/v6-m/libc_nano.a(lib_a-findfp.o)
 .text._cleanup_r
                0x00000000000057c8       0x10 /Users/taf2/Library/Arduino15/packages/arduino/tools/arm-none-eabi-gcc/7-2017q4/bin/../lib/gcc/arm-none-eabi/7.2.1/../../../../arm-none-eabi/lib/thumb/v6-m/libc_nano.a(lib_a-findfp.o)
                0x00000000000057c8                _cleanup_r
 .text.__sfmoreglue
                0x00000000000057d8       0x2c /Users/taf2/Library/Arduino15/packages/arduino/tools/arm-none-eabi-gcc/7-2017q4/bin/../lib/gcc/arm-none-eabi/7.2.1/../../../../arm-none-eabi/lib/thumb/v6-m/libc_nano.a(lib_a-findfp.o)
                0x00000000000057d8                __sfmoreglue
 .text.__sinit  0x0000000000005804       0x68 /Users/taf2/Library/Arduino15/packages/arduino/tools/arm-none-eabi-gcc/7-2017q4/bin/../lib/gcc/arm-none-eabi/7.2.1/../../../../arm-none-eabi/lib/thumb/v6-m/libc_nano.a(lib_a-findfp.o)
                0x0000000000005804                __sinit
 .text.__sfp    0x000000000000586c       0x7c /Users/taf2/Library/Arduino15/packages/arduino/tools/arm-none-eabi-gcc/7-2017q4/bin/../lib/gcc/arm-none-eabi/7.2.1/../../../../arm-none-eabi/lib/thumb/v6-m/libc_nano.a(lib_a-findfp.o)
                0x000000000000586c                __sfp
 .text._fwalk_reent
                0x00000000000058e8       0x42 /Users/taf2/Library/Arduino15/packages/arduino/tools/arm-none-eabi-gcc/7-2017q4/bin/../lib/gcc/arm-none-eabi/7.2.1/../../../../arm-none-eabi/lib/thumb/v6-m/libc_nano.a(lib_a-fwalk.o)
                0x00000000000058e8                _fwalk_reent
 *fill*         0x000000000000592a        0x2 
 .text.__swhatbuf_r
                0x000000000000592c       0x50 /Users/taf2/Library/Arduino15/packages/arduino/tools/arm-none-eabi-gcc/7-2017q4/bin/../lib/gcc/arm-none-eabi/7.2.1/../../../../arm-none-eabi/lib/thumb/v6-m/libc_nano.a(lib_a-makebuf.o)
                0x000000000000592c                __swhatbuf_r
 .text.__smakebuf_r
                0x000000000000597c       0x88 /Users/taf2/Library/Arduino15/packages/arduino/tools/arm-none-eabi-gcc/7-2017q4/bin/../lib/gcc/arm-none-eabi/7.2.1/../../../../arm-none-eabi/lib/thumb/v6-m/libc_nano.a(lib_a-makebuf.o)
                0x000000000000597c                __smakebuf_r
 .text.memchr   0x0000000000005a04       0x16 /Users/taf2/Library/Arduino15/packages/arduino/tools/arm-none-eabi-gcc/7-2017q4/bin/../lib/gcc/arm-none-eabi/7.2.1/../../../../arm-none-eabi/lib/thumb/v6-m/libc_nano.a(lib_a-memchr-stub.o)
                0x0000000000005a04                memchr
 .text.memmove  0x0000000000005a1a       0x26 /Users/taf2/Library/Arduino15/packages/arduino/tools/arm-none-eabi-gcc/7-2017q4/bin/../lib/gcc/arm-none-eabi/7.2.1/../../../../arm-none-eabi/lib/thumb/v6-m/libc_nano.a(lib_a-memmove.o)
                0x0000000000005a1a                memmove
 .text.__malloc_lock
                0x0000000000005a40        0x2 /Users/taf2/Library/Arduino15/packages/arduino/tools/arm-none-eabi-gcc/7-2017q4/bin/../lib/gcc/arm-none-eabi/7.2.1/../../../../arm-none-eabi/lib/thumb/v6-m/libc_nano.a(lib_a-mlock.o)
                0x0000000000005a40                __malloc_lock
 .text.__malloc_unlock
                0x0000000000005a42        0x2 /Users/taf2/Library/Arduino15/packages/arduino/tools/arm-none-eabi-gcc/7-2017q4/bin/../lib/gcc/arm-none-eabi/7.2.1/../../../../arm-none-eabi/lib/thumb/v6-m/libc_nano.a(lib_a-mlock.o)
                0x0000000000005a42                __malloc_unlock
 .text._realloc_r
                0x0000000000005a44       0x4c /Users/taf2/Library/Arduino15/packages/arduino/tools/arm-none-eabi-gcc/7-2017q4/bin/../lib/gcc/arm-none-eabi/7.2.1/../../../../arm-none-eabi/lib/thumb/v6-m/libc_nano.a(lib_a-nano-reallocr.o)
                0x0000000000005a44                _realloc_r
 .text.__ssputs_r
                0x0000000000005a90       0xc4 /Users/taf2/Library/Arduino15/packages/arduino/tools/arm-none-eabi-gcc/7-2017q4/bin/../lib/gcc/arm-none-eabi/7.2.1/../../../../arm-none-eabi/lib/thumb/v6-m/libc_nano.a(lib_a-nano-svfprintf.o)
                0x0000000000005a90                __ssputs_r
 .text._svfprintf_r
                0x0000000000005b54      0x1fc /Users/taf2/Library/Arduino15/packages/arduino/tools/arm-none-eabi-gcc/7-2017q4/bin/../lib/gcc/arm-none-eabi/7.2.1/../../../../arm-none-eabi/lib/thumb/v6-m/libc_nano.a(lib_a-nano-svfprintf.o)
                0x0000000000005b54                _svfprintf_r
                0x0000000000005b54                _svfiprintf_r
 .text._raise_r
                0x0000000000005d50       0x54 /Users/taf2/Library/Arduino15/packages/arduino/tools/arm-none-eabi-gcc/7-2017q4/bin/../lib/gcc/arm-none-eabi/7.2.1/../../../../arm-none-eabi/lib/thumb/v6-m/libc_nano.a(lib_a-signal.o)
                0x0000000000005d50                _raise_r
 .text.raise    0x0000000000005da4       0x14 /Users/taf2/Library/Arduino15/packages/arduino/tools/arm-none-eabi-gcc/7-2017q4/bin/../lib/gcc/arm-none-eabi/7.2.1/../../../../arm-none-eabi/lib/thumb/v6-m/libc_nano.a(lib_a-signal.o)
                0x0000000000005da4                raise
 .text._kill_r  0x0000000000005db8       0x24 /Users/taf2/Library/Arduino15/packages/arduino/tools/arm-none-eabi-gcc/7-2017q4/bin/../lib/gcc/arm-none-eabi/7.2.1/../../../../arm-none-eabi/lib/thumb/v6-m/libc_nano.a(lib_a-signalr.o)
                0x0000000000005db8                _kill_r
 .text._getpid_r
                0x0000000000005ddc        0x8 /Users/taf2/Library/Arduino15/packages/arduino/tools/arm-none-eabi-gcc/7-2017q4/bin/../lib/gcc/arm-none-eabi/7.2.1/../../../../arm-none-eabi/lib/thumb/v6-m/libc_nano.a(lib_a-signalr.o)
                0x0000000000005ddc                _getpid_r
 .text.__sread  0x0000000000005de4       0x28 /Users/taf2/Library/Arduino15/packages/arduino/tools/arm-none-eabi-gcc/7-2017q4/bin/../lib/gcc/arm-none-eabi/7.2.1/../../../../arm-none-eabi/lib/thumb/v6-m/libc_nano.a(lib_a-stdio.o)
                0x0000000000005de4                __sread
 .text.__swrite
                0x0000000000005e0c       0x38 /Users/taf2/Library/Arduino15/packages/arduino/tools/arm-none-eabi-gcc/7-2017q4/bin/../lib/gcc/arm-none-eabi/7.2.1/../../../../arm-none-eabi/lib/thumb/v6-m/libc_nano.a(lib_a-stdio.o)
                0x0000000000005e0c                __swrite
 .text.__sseek  0x0000000000005e44       0x2c /Users/taf2/Library/Arduino15/packages/arduino/tools/arm-none-eabi-gcc/7-2017q4/bin/../lib/gcc/arm-none-eabi/7.2.1/../../../../arm-none-eabi/lib/thumb/v6-m/libc_nano.a(lib_a-stdio.o)
                0x0000000000005e44                __sseek
 .text.__sclose
                0x0000000000005e70        0xc /Users/taf2/Library/Arduino15/packages/arduino/tools/arm-none-eabi-gcc/7-2017q4/bin/../lib/gcc/arm-none-eabi/7.2.1/../../../../arm-none-eabi/lib/thumb/v6-m/libc_nano.a(lib_a-stdio.o)
                0x0000000000005e70                __sclose
 .text._write_r
                0x0000000000005e7c       0x28 /Users/taf2/Library/Arduino15/packages/arduino/tools/arm-none-eabi-gcc/7-2017q4/bin/../lib/gcc/arm-none-eabi/7.2.1/../../../../arm-none-eabi/lib/thumb/v6-m/libc_nano.a(lib_a-writer.o)
                0x0000000000005e7c                _write_r
 .text._close_r
                0x0000000000005ea4       0x24 /Users/taf2/Library/Arduino15/packages/arduino/tools/arm-none-eabi-gcc/7-2017q4/bin/../lib/gcc/arm-none-eabi/7.2.1/../../../../arm-none-eabi/lib/thumb/v6-m/libc_nano.a(lib_a-closer.o)
                0x0000000000005ea4                _close_r
 .text._fstat_r
                0x0000000000005ec8       0x24 /Users/taf2/Library/Arduino15/packages/arduino/tools/arm-none-eabi-gcc/7-2017q4/bin/../lib/gcc/arm-none-eabi/7.2.1/../../../../arm-none-eabi/lib/thumb/v6-m/libc_nano.a(lib_a-fstatr.o)
                0x0000000000005ec8                _fstat_r
 .text._isatty_r
                0x0000000000005eec       0x24 /Users/taf2/Library/Arduino15/packages/arduino/tools/arm-none-eabi-gcc/7-2017q4/bin/../lib/gcc/arm-none-eabi/7.2.1/../../../../arm-none-eabi/lib/thumb/v6-m/libc_nano.a(lib_a-isattyr.o)
                0x0000000000005eec                _isatty_r
 .text._lseek_r
                0x0000000000005f10       0x28 /Users/taf2/Library/Arduino15/packages/arduino/tools/arm-none-eabi-gcc/7-2017q4/bin/../lib/gcc/arm-none-eabi/7.2.1/../../../../arm-none-eabi/lib/thumb/v6-m/libc_nano.a(lib_a-lseekr.o)
                0x0000000000005f10                _lseek_r
 .text._malloc_usable_size_r
                0x0000000000005f38       0x10 /Users/taf2/Library/Arduino15/packages/arduino/tools/arm-none-eabi-gcc/7-2017q4/bin/../lib/gcc/arm-none-eabi/7.2.1/../../../../arm-none-eabi/lib/thumb/v6-m/libc_nano.a(lib_a-nano-msizer.o)
                0x0000000000005f38                _malloc_usable_size_r
 .text._read_r  0x0000000000005f48       0x28 /Users/taf2/Library/Arduino15/packages/arduino/tools/arm-none-eabi-gcc/7-2017q4/bin/../lib/gcc/arm-none-eabi/7.2.1/../../../../arm-none-eabi/lib/thumb/v6-m/libc_nano.a(lib_a-readr.o)
                0x0000000000005f48                _read_r
 .text._close   0x0000000000005f70       0x10 /Users/taf2/Library/Arduino15/packages/arduino/tools/arm-none-eabi-gcc/7-2017q4/bin/../lib/gcc/arm-none-eabi/7.2.1/../../../../arm-none-eabi/lib/thumb/v6-m/libnosys.a(close.o)
                0x0000000000005f70                _close
 .text._fstat   0x0000000000005f80       0x10 /Users/taf2/Library/Arduino15/packages/arduino/tools/arm-none-eabi-gcc/7-2017q4/bin/../lib/gcc/arm-none-eabi/7.2.1/../../../../arm-none-eabi/lib/thumb/v6-m/libnosys.a(fstat.o)
                0x0000000000005f80                _fstat
 .text._getpid  0x0000000000005f90       0x10 /Users/taf2/Library/Arduino15/packages/arduino/tools/arm-none-eabi-gcc/7-2017q4/bin/../lib/gcc/arm-none-eabi/7.2.1/../../../../arm-none-eabi/lib/thumb/v6-m/libnosys.a(getpid.o)
                0x0000000000005f90                _getpid
 .text._isatty  0x0000000000005fa0       0x10 /Users/taf2/Library/Arduino15/packages/arduino/tools/arm-none-eabi-gcc/7-2017q4/bin/../lib/gcc/arm-none-eabi/7.2.1/../../../../arm-none-eabi/lib/thumb/v6-m/libnosys.a(isatty.o)
                0x0000000000005fa0                _isatty
 .text._kill    0x0000000000005fb0       0x10 /Users/taf2/Library/Arduino15/packages/arduino/tools/arm-none-eabi-gcc/7-2017q4/bin/../lib/gcc/arm-none-eabi/7.2.1/../../../../arm-none-eabi/lib/thumb/v6-m/libnosys.a(kill.o)
                0x0000000000005fb0                _kill
 .text._lseek   0x0000000000005fc0       0x10 /Users/taf2/Library/Arduino15/packages/arduino/tools/arm-none-eabi-gcc/7-2017q4/bin/../lib/gcc/arm-none-eabi/7.2.1/../../../../arm-none-eabi/lib/thumb/v6-m/libnosys.a(lseek.o)
                0x0000000000005fc0                _lseek
 .text._read    0x0000000000005fd0       0x10 /Users/taf2/Library/Arduino15/packages/arduino/tools/arm-none-eabi-gcc/7-2017q4/bin/../lib/gcc/arm-none-eabi/7.2.1/../../../../arm-none-eabi/lib/thumb/v6-m/libnosys.a(read.o)
                0x0000000000005fd0                _read
 .text._sbrk    0x0000000000005fe0       0x1c /Users/taf2/Library/Arduino15/packages/arduino/tools/arm-none-eabi-gcc/7-2017q4/bin/../lib/gcc/arm-none-eabi/7.2.1/../../../../arm-none-eabi/lib/thumb/v6-m/libnosys.a(sbrk.o)
                0x0000000000005fe0                _sbrk
 .text._write   0x0000000000005ffc       0x10 /Users/taf2/Library/Arduino15/packages/arduino/tools/arm-none-eabi-gcc/7-2017q4/bin/../lib/gcc/arm-none-eabi/7.2.1/../../../../arm-none-eabi/lib/thumb/v6-m/libnosys.a(write.o)
                0x0000000000005ffc                _write
 .text._exit    0x000000000000600c        0x4 /Users/taf2/Library/Arduino15/packages/arduino/tools/arm-none-eabi-gcc/7-2017q4/bin/../lib/gcc/arm-none-eabi/7.2.1/../../../../arm-none-eabi/lib/thumb/v6-m/libnosys.a(_exit.o)
                0x000000000000600c                _exit
 *(.init)
 .init          0x0000000000006010        0x4 /Users/taf2/Library/Arduino15/packages/arduino/tools/arm-none-eabi-gcc/7-2017q4/bin/../lib/gcc/arm-none-eabi/7.2.1/thumb/v6-m/crti.o
                0x0000000000006010                _init
 .init          0x0000000000006014        0x8 /Users/taf2/Library/Arduino15/packages/arduino/tools/arm-none-eabi-gcc/7-2017q4/bin/../lib/gcc/arm-none-eabi/7.2.1/thumb/v6-m/crtn.o
 *(.fini)
 .fini          0x000000000000601c        0x4 /Users/taf2/Library/Arduino15/packages/arduino/tools/arm-none-eabi-gcc/7-2017q4/bin/../lib/gcc/arm-none-eabi/7.2.1/thumb/v6-m/crti.o
                0x000000000000601c                _fini
 .fini          0x0000000000006020        0x8 /Users/taf2/Library/Arduino15/packages/arduino/tools/arm-none-eabi-gcc/7-2017q4/bin/../lib/gcc/arm-none-eabi/7.2.1/thumb/v6-m/crtn.o
 *crtbegin.o(.ctors)
 *crtbegin?.o(.ctors)
 *(EXCLUDE_FILE(*crtend.o *crtend?.o) .ctors)
 *(SORT_BY_NAME(.ctors.*))
 *(.ctors)
 *crtbegin.o(.dtors)
 *crtbegin?.o(.dtors)
 *(EXCLUDE_FILE(*crtend.o *crtend?.o) .dtors)
 *(SORT_BY_NAME(.dtors.*))
 *(.dtors)
 *(.rodata*)
 .rodata._Z4piOnv.str1.1
                0x0000000000006028        0x5 /var/folders/jy/jw0bgk914_n5q45dn34txm5r0000gn/T/arduino-sketch-5058F1AF8388633F609CADB75A75DC9D/sketch/trinketm0_on_when_light.ino.cpp.o
 .rodata._Z5piOffv.str1.1
                0x000000000000602d        0x6 /var/folders/jy/jw0bgk914_n5q45dn34txm5r0000gn/T/arduino-sketch-5058F1AF8388633F609CADB75A75DC9D/sketch/trinketm0_on_when_light.ino.cpp.o
 .rodata._Z6softOnv.str1.1
                0x0000000000006033        0x7 /var/folders/jy/jw0bgk914_n5q45dn34txm5r0000gn/T/arduino-sketch-5058F1AF8388633F609CADB75A75DC9D/sketch/trinketm0_on_when_light.ino.cpp.o
 .rodata._Z7softOffv.str1.1
                0x000000000000603a        0x8 /var/folders/jy/jw0bgk914_n5q45dn34txm5r0000gn/T/arduino-sketch-5058F1AF8388633F609CADB75A75DC9D/sketch/trinketm0_on_when_light.ino.cpp.o
 .rodata.loop.str1.1
                0x0000000000006042       0x2f /var/folders/jy/jw0bgk914_n5q45dn34txm5r0000gn/T/arduino-sketch-5058F1AF8388633F609CADB75A75DC9D/sketch/trinketm0_on_when_light.ino.cpp.o
 .rodata._ZN8SPIClassC2EP6SERCOMhhh14SercomSpiTXPad11SercomRXPad.str1.1
                0x0000000000006071       0x6c /var/folders/jy/jw0bgk914_n5q45dn34txm5r0000gn/T/arduino-sketch-5058F1AF8388633F609CADB75A75DC9D/libraries/SPI/SPI.cpp.o
 .rodata._ZZN8SPIClassC4EP6SERCOMhhh14SercomSpiTXPad11SercomRXPadE19__PRETTY_FUNCTION__
                0x00000000000060dd       0x54 /var/folders/jy/jw0bgk914_n5q45dn34txm5r0000gn/T/arduino-sketch-5058F1AF8388633F609CADB75A75DC9D/libraries/SPI/SPI.cpp.o
 *fill*         0x0000000000006131        0x3 
 .rodata.g_APinDescription
                0x0000000000006134      0x228 /var/folders/jy/jw0bgk914_n5q45dn34txm5r0000gn/T/arduino-sketch-5058F1AF8388633F609CADB75A75DC9D/core/variant.cpp.o
                0x0000000000006134                g_APinDescription
 .rodata._ZN5Print7printlnEv.str1.1
                0x000000000000635c        0x3 /var/folders/jy/jw0bgk914_n5q45dn34txm5r0000gn/T/arduino-sketch-5058F1AF8388633F609CADB75A75DC9D/../arduino-core-cache/core_adafruit_samd_adafruit_trinket_m0_36dd30fd0ed9abe3a5d7b37e993b6b3e.a(Print.cpp.o)
 *fill*         0x000000000000635f        0x1 
 .rodata._ZL10sercomData
                0x0000000000006360       0x20 /var/folders/jy/jw0bgk914_n5q45dn34txm5r0000gn/T/arduino-sketch-5058F1AF8388633F609CADB75A75DC9D/../arduino-core-cache/core_adafruit_samd_adafruit_trinket_m0_36dd30fd0ed9abe3a5d7b37e993b6b3e.a(SERCOM.cpp.o)
 .rodata._ZTV7Serial_
                0x0000000000006380       0x24 /var/folders/jy/jw0bgk914_n5q45dn34txm5r0000gn/T/arduino-sketch-5058F1AF8388633F609CADB75A75DC9D/../arduino-core-cache/core_adafruit_samd_adafruit_trinket_m0_36dd30fd0ed9abe3a5d7b37e993b6b3e.a(CDC.cpp.o)
                0x0000000000006380                vtable for Serial_
 .rodata._ZTV26DoubleBufferedEPOutHandler
                0x00000000000063a4       0x20 /var/folders/jy/jw0bgk914_n5q45dn34txm5r0000gn/T/arduino-sketch-5058F1AF8388633F609CADB75A75DC9D/../arduino-core-cache/core_adafruit_samd_adafruit_trinket_m0_36dd30fd0ed9abe3a5d7b37e993b6b3e.a(USBCore.cpp.o)
                0x00000000000063a4                vtable for DoubleBufferedEPOutHandler
 .rodata._ZL14STRING_PRODUCT
                0x00000000000063c4        0xb /var/folders/jy/jw0bgk914_n5q45dn34txm5r0000gn/T/arduino-sketch-5058F1AF8388633F609CADB75A75DC9D/../arduino-core-cache/core_adafruit_samd_adafruit_trinket_m0_36dd30fd0ed9abe3a5d7b37e993b6b3e.a(USBCore.cpp.o)
 *fill*         0x00000000000063cf        0x1 
 .rodata._ZL15STRING_LANGUAGE
                0x00000000000063d0        0x4 /var/folders/jy/jw0bgk914_n5q45dn34txm5r0000gn/T/arduino-sketch-5058F1AF8388633F609CADB75A75DC9D/../arduino-core-cache/core_adafruit_samd_adafruit_trinket_m0_36dd30fd0ed9abe3a5d7b37e993b6b3e.a(USBCore.cpp.o)
 .rodata._ZL19STRING_MANUFACTURER
                0x00000000000063d4        0x9 /var/folders/jy/jw0bgk914_n5q45dn34txm5r0000gn/T/arduino-sketch-5058F1AF8388633F609CADB75A75DC9D/../arduino-core-cache/core_adafruit_samd_adafruit_trinket_m0_36dd30fd0ed9abe3a5d7b37e993b6b3e.a(USBCore.cpp.o)
 .rodata._ZL21USB_DeviceDescriptorB
                0x00000000000063dd       0x12 /var/folders/jy/jw0bgk914_n5q45dn34txm5r0000gn/T/arduino-sketch-5058F1AF8388633F609CADB75A75DC9D/../arduino-core-cache/core_adafruit_samd_adafruit_trinket_m0_36dd30fd0ed9abe3a5d7b37e993b6b3e.a(USBCore.cpp.o)
 *fill*         0x00000000000063ef        0x1 
 .rodata._ZTV4Uart
                0x00000000000063f0       0x34 /var/folders/jy/jw0bgk914_n5q45dn34txm5r0000gn/T/arduino-sketch-5058F1AF8388633F609CADB75A75DC9D/../arduino-core-cache/core_adafruit_samd_adafruit_trinket_m0_36dd30fd0ed9abe3a5d7b37e993b6b3e.a(Uart.cpp.o)
                0x00000000000063f0                vtable for Uart
 .rodata.__assert_func.str1.1
                0x0000000000006424       0x3c /Users/taf2/Library/Arduino15/packages/arduino/tools/arm-none-eabi-gcc/7-2017q4/bin/../lib/gcc/arm-none-eabi/7.2.1/../../../../arm-none-eabi/lib/thumb/v6-m/libc_nano.a(lib_a-assert.o)
                                         0x3d (size before relaxing)
 .rodata._global_impure_ptr
                0x0000000000006460        0x4 /Users/taf2/Library/Arduino15/packages/arduino/tools/arm-none-eabi-gcc/7-2017q4/bin/../lib/gcc/arm-none-eabi/7.2.1/../../../../arm-none-eabi/lib/thumb/v6-m/libc_nano.a(lib_a-impure.o)
                0x0000000000006460                _global_impure_ptr
 .rodata._vfprintf_r.str1.1
                0x0000000000006464       0x11 /Users/taf2/Library/Arduino15/packages/arduino/tools/arm-none-eabi-gcc/7-2017q4/bin/../lib/gcc/arm-none-eabi/7.2.1/../../../../arm-none-eabi/lib/thumb/v6-m/libc_nano.a(lib_a-nano-vfprintf.o)
 .rodata._printf_i.str1.1
                0x0000000000006475       0x22 /Users/taf2/Library/Arduino15/packages/arduino/tools/arm-none-eabi-gcc/7-2017q4/bin/../lib/gcc/arm-none-eabi/7.2.1/../../../../arm-none-eabi/lib/thumb/v6-m/libc_nano.a(lib_a-nano-vfprintf_i.o)
 *fill*         0x0000000000006497        0x1 
 .rodata.__sf_fake_stderr
                0x0000000000006498       0x20 /Users/taf2/Library/Arduino15/packages/arduino/tools/arm-none-eabi-gcc/7-2017q4/bin/../lib/gcc/arm-none-eabi/7.2.1/../../../../arm-none-eabi/lib/thumb/v6-m/libc_nano.a(lib_a-findfp.o)
                0x0000000000006498                __sf_fake_stderr
 .rodata.__sf_fake_stdin
                0x00000000000064b8       0x20 /Users/taf2/Library/Arduino15/packages/arduino/tools/arm-none-eabi-gcc/7-2017q4/bin/../lib/gcc/arm-none-eabi/7.2.1/../../../../arm-none-eabi/lib/thumb/v6-m/libc_nano.a(lib_a-findfp.o)
                0x00000000000064b8                __sf_fake_stdin
 .rodata.__sf_fake_stdout
                0x00000000000064d8       0x20 /Users/taf2/Library/Arduino15/packages/arduino/tools/arm-none-eabi-gcc/7-2017q4/bin/../lib/gcc/arm-none-eabi/7.2.1/../../../../arm-none-eabi/lib/thumb/v6-m/libc_nano.a(lib_a-findfp.o)
                0x00000000000064d8                __sf_fake_stdout
 .rodata._svfprintf_r.str1.1
                0x00000000000064f8       0x11 /Users/taf2/Library/Arduino15/packages/arduino/tools/arm-none-eabi-gcc/7-2017q4/bin/../lib/gcc/arm-none-eabi/7.2.1/../../../../arm-none-eabi/lib/thumb/v6-m/libc_nano.a(lib_a-nano-svfprintf.o)
 *(.eh_frame*)